Component: ARM Compiler 5.06 update 5 (build 528) Tool: armlink [4d35e2]

==============================================================================

Section Cross References

    startup_stm32f103xe.o(STACK) refers (Special) to heapauxi.o(.text) for __use_two_region_memory
    startup_stm32f103xe.o(HEAP) refers (Special) to heapauxi.o(.text) for __use_two_region_memory
    startup_stm32f103xe.o(RESET) refers (Special) to heapauxi.o(.text) for __use_two_region_memory
    startup_stm32f103xe.o(RESET) refers to startup_stm32f103xe.o(STACK) for __initial_sp
    startup_stm32f103xe.o(RESET) refers to startup_stm32f103xe.o(.text) for Reset_Handler
    startup_stm32f103xe.o(RESET) refers to stm32f1xx_it.o(i.NMI_Handler) for NMI_Handler
    startup_stm32f103xe.o(RESET) refers to stm32f1xx_it.o(i.HardFault_Handler) for HardFault_Handler
    startup_stm32f103xe.o(RESET) refers to stm32f1xx_it.o(i.MemManage_Handler) for MemManage_Handler
    startup_stm32f103xe.o(RESET) refers to stm32f1xx_it.o(i.BusFault_Handler) for BusFault_Handler
    startup_stm32f103xe.o(RESET) refers to stm32f1xx_it.o(i.UsageFault_Handler) for UsageFault_Handler
    startup_stm32f103xe.o(RESET) refers to stm32f1xx_it.o(i.SVC_Handler) for SVC_Handler
    startup_stm32f103xe.o(RESET) refers to stm32f1xx_it.o(i.DebugMon_Handler) for DebugMon_Handler
    startup_stm32f103xe.o(RESET) refers to stm32f1xx_it.o(i.PendSV_Handler) for PendSV_Handler
    startup_stm32f103xe.o(RESET) refers to stm32f1xx_it.o(i.SysTick_Handler) for SysTick_Handler
    startup_stm32f103xe.o(RESET) refers to stm32f1xx_it.o(i.DMA1_Channel7_IRQHandler) for DMA1_Channel7_IRQHandler
    startup_stm32f103xe.o(RESET) refers to stm32f1xx_it.o(i.TIM1_UP_IRQHandler) for TIM1_UP_IRQHandler
    startup_stm32f103xe.o(RESET) refers to stm32f1xx_it.o(i.USART2_IRQHandler) for USART2_IRQHandler
    startup_stm32f103xe.o(.text) refers (Special) to heapauxi.o(.text) for __use_two_region_memory
    startup_stm32f103xe.o(.text) refers to system_stm32f1xx.o(i.SystemInit) for SystemInit
    startup_stm32f103xe.o(.text) refers to __main.o(!!!main) for __main
    startup_stm32f103xe.o(.text) refers to startup_stm32f103xe.o(HEAP) for Heap_Mem
    startup_stm32f103xe.o(.text) refers to startup_stm32f103xe.o(STACK) for Stack_Mem
    mpu6500sport.o(i.MPU6500_READ) refers to mpu9250.o(i.Mpu6050_get_data) for Mpu6050_get_data
    mpu6500sport.o(i.MPU6500_READ) refers to filter.o(i.acc_filter) for acc_filter
    mpu6500sport.o(i.MPU6500_READ) refers to dflt_clz.o(x$fpl$dflt) for __aeabi_i2d
    mpu6500sport.o(i.MPU6500_READ) refers to ddiv.o(x$fpl$ddiv) for __aeabi_ddiv
    mpu6500sport.o(i.MPU6500_READ) refers to daddsub_clz.o(x$fpl$dadd) for __aeabi_dadd
    mpu6500sport.o(i.MPU6500_READ) refers to d2f.o(x$fpl$d2f) for __aeabi_d2f
    mpu6500sport.o(i.MPU6500_READ) refers to fflt_clz.o(x$fpl$fflt) for __aeabi_i2f
    mpu6500sport.o(i.MPU6500_READ) refers to faddsub_clz.o(x$fpl$fadd) for __aeabi_fadd
    mpu6500sport.o(i.MPU6500_READ) refers to fdiv.o(x$fpl$fdiv) for __aeabi_fdiv
    mpu6500sport.o(i.MPU6500_READ) refers to faddsub_clz.o(x$fpl$fsub) for __aeabi_fsub
    mpu6500sport.o(i.MPU6500_READ) refers to ffix.o(x$fpl$ffix) for __aeabi_f2iz
    mpu6500sport.o(i.MPU6500_READ) refers to fmul.o(x$fpl$fmul) for __aeabi_fmul
    mpu6500sport.o(i.MPU6500_READ) refers to frleqf.o(x$fpl$frleqf) for __aeabi_cfrcmple
    mpu6500sport.o(i.MPU6500_READ) refers to fleqf.o(x$fpl$fleqf) for __aeabi_cfcmple
    mpu6500sport.o(i.MPU6500_READ) refers to sqrt.o(i.sqrt) for sqrt
    mpu6500sport.o(i.MPU6500_READ) refers to atan.o(i.atan) for atan
    mpu6500sport.o(i.MPU6500_READ) refers to filter.o(i.kalman_filter) for kalman_filter
    mpu6500sport.o(i.MPU6500_READ) refers to mpu6500sport.o(.data) for gz
    mpu6500sport.o(i.MPU6500_READ) refers to mpu9250.o(.bss) for mpu6500_Data
    pid_counter.o(i.TURN_PID) refers to led.o(i.LED_TogglePin) for LED_TogglePin
    pid_counter.o(i.TURN_PID) refers to faddsub_clz.o(x$fpl$fsub) for __aeabi_fsub
    pid_counter.o(i.TURN_PID) refers to pid.o(i.position_pid_for_turn) for position_pid_for_turn
    pid_counter.o(i.TURN_PID) refers to fflt_clz.o(x$fpl$fflt) for __aeabi_i2f
    pid_counter.o(i.TURN_PID) refers to frleqf.o(x$fpl$frleqf) for __aeabi_cfrcmple
    pid_counter.o(i.TURN_PID) refers to fleqf.o(x$fpl$fleqf) for __aeabi_cfcmple
    pid_counter.o(i.TURN_PID) refers to fdiv.o(x$fpl$fdiv) for __aeabi_fdiv
    pid_counter.o(i.TURN_PID) refers to fmul.o(x$fpl$fmul) for __aeabi_fmul
    pid_counter.o(i.TURN_PID) refers to ffix.o(x$fpl$ffix) for __aeabi_f2iz
    pid_counter.o(i.TURN_PID) refers to motor.o(i.Motor_370_respectively) for Motor_370_respectively
    pid_counter.o(i.TURN_PID) refers to mpu6500sport.o(.data) for gz
    pid_counter.o(i.TURN_PID) refers to pid_counter.o(.data) for LED_TIM
    pid_counter.o(i.TURN_PID) refers to mpu9250.o(.bss) for mpu6500_Data
    pid_counter.o(i.YAW_PID) refers to fmul.o(x$fpl$fmul) for __aeabi_fmul
[...]
    _get_lc_ctype                             - Undefined Weak Reference
    _get_lc_monetary                          - Undefined Weak Reference
    _get_lc_time                              - Undefined Weak Reference
    _getenv_init                              - Undefined Weak Reference
    _handle_redirection                       - Undefined Weak Reference
    _init_alloc                               - Undefined Weak Reference
    _init_user_alloc                          - Undefined Weak Reference
    _initio                                   - Undefined Weak Reference
    _printf_post_padding                      - Undefined Weak Reference
    _printf_pre_padding                       - Undefined Weak Reference
    _rand_init                                - Undefined Weak Reference
    _signal_finish                            - Undefined Weak Reference
    _signal_init                              - Undefined Weak Reference
    _terminate_alloc                          - Undefined Weak Reference
    _terminate_user_alloc                     - Undefined Weak Reference
    _terminateio                              - Undefined Weak Reference
    __Vectors_Size                           0x00000130   Number         0  startup_stm32f103xe.o ABSOLUTE
    __Vectors                                0x08000000   Data           4  startup_stm32f103xe.o(RESET)
    __Vectors_End                            0x08000130   Data           0  startup_stm32f103xe.o(RESET)
    __main                                   0x08000131   Thumb Code     8  __main.o(!!!main)
    __scatterload                            0x08000139   Thumb Code     0  __scatter.o(!!!scatter)
    __scatterload_rt2                        0x08000139   Thumb Code    44  __scatter.o(!!!scatter)
    __scatterload_rt2_thumb_only             0x08000139   Thumb Code     0  __scatter.o(!!!scatter)
    __scatterload_null                       0x08000147   Thumb Code     0  __scatter.o(!!!scatter)
    __decompress                             0x0800016d   Thumb Code    90  __dczerorl2.o(!!dczerorl2)
    __decompress1                            0x0800016d   Thumb Code     0  __dczerorl2.o(!!dczerorl2)
    __scatterload_zeroinit                   0x080001c9   Thumb Code    28  __scatter_zi.o(!!handler_zi)
    _printf_f                                0x080001e5   Thumb Code     0  _printf_f.o(.ARM.Collect$$_printf_percent$$00000003)
    _printf_percent                          0x080001e5   Thumb Code     0  _printf_percent.o(.ARM.Collect$$_printf_percent$$00000000)
    _printf_percent_end                      0x080001eb   Thumb Code     0  _printf_percent_end.o(.ARM.Collect$$_printf_percent$$00000017)
    __rt_lib_init                            0x080001ef   Thumb Code     0  libinit.o(.ARM.Collect$$libinit$$00000000)
    __rt_lib_init_fp_1                       0x080001f1   Thumb Code     0  libinit2.o(.ARM.Collect$$libinit$$00000002)
    __rt_lib_init_heap_1                     0x080001f1   Thumb Code     0  libinit2.o(.ARM.Collect$$libinit$$0000000A)
    __rt_lib_init_lc_common                  0x080001f1   Thumb Code     0  libinit2.o(.ARM.Collect$$libinit$$0000000F)
    __rt_lib_init_preinit_1                  0x080001f1   Thumb Code     0  libinit2.o(.ARM.Collect$$libinit$$00000004)
    __rt_lib_init_rand_1                     0x080001f1   Thumb Code     0  libinit2.o(.ARM.Collect$$libinit$$0000000E)
    __rt_lib_init_user_alloc_1               0x080001f1   Thumb Code     0  libinit2.o(.ARM.Collect$$libinit$$0000000C)
    __rt_lib_init_lc_collate_1               0x080001f7   Thumb Code     0  libinit2.o(.ARM.Collect$$libinit$$00000011)
    __rt_lib_init_lc_ctype_1                 0x080001f7   Thumb Code     0  libinit2.o(.ARM.Collect$$libinit$$00000013)
    __rt_lib_init_lc_monetary_1              0x080001f7   Thumb Code     0  libinit2.o(.ARM.Collect$$libinit$$00000015)
    __rt_lib_init_lc_numeric_2               0x080001f7   Thumb Code     0  libinit2.o(.ARM.Collect$$libinit$$00000016)
    __rt_lib_init_alloca_1                   0x08000201   Thumb Code     0  libinit2.o(.ARM.Collect$$libinit$$0000002E)
    __rt_lib_init_argv_1                     0x08000201   Thumb Code     0  libinit2.o(.ARM.Collect$$libinit$$0000002C)
    __rt_lib_init_atexit_1                   0x08000201   Thumb Code     0  libinit2.o(.ARM.Collect$$libinit$$0000001B)
    __rt_lib_init_clock_1                    0x08000201   Thumb Code     0  libinit2.o(.ARM.Collect$$libinit$$00000021)
    __rt_lib_init_cpp_1                      0x08000201   Thumb Code     0  libinit2.o(.ARM.Collect$$libinit$$00000032)
    __rt_lib_init_exceptions_1               0x08000201   Thumb Code     0  libinit2.o(.ARM.Collect$$libinit$$00000030)
    __rt_lib_init_fp_trap_1                  0x08000201   Thumb Code     0  libinit2.o(.ARM.Collect$$libinit$$0000001F)
    __rt_lib_init_getenv_1                   0x08000201   Thumb Code     0  libinit2.o(.ARM.Collect$$libinit$$00000023)
    __rt_lib_init_lc_numeric_1               0x08000201   Thumb Code     0  libinit2.o(.ARM.Collect$$libinit$$00000017)
    __rt_lib_init_lc_time_1                  0x08000201   Thumb Code     0  libinit2.o(.ARM.Collect$$libinit$$00000019)
    __rt_lib_init_return                     0x08000201   Thumb Code     0  libinit2.o(.ARM.Collect$$libinit$$00000033)
    __rt_lib_init_signal_1                   0x08000201   Thumb Code     0  libinit2.o(.ARM.Collect$$libinit$$0000001D)
    __rt_lib_init_stdio_1                    0x08000201   Thumb Code     0  libinit2.o(.ARM.Collect$$libinit$$00000025)
    __rt_lib_shutdown                        0x08000203   Thumb Code     0  libshutdown.o(.ARM.Collect$$libshutdown$$00000000)
    __rt_lib_shutdown_cpp_1                  0x08000205   Thumb Code     0  libshutdown2.o(.ARM.Collect$$libshutdown$$00000002)
    __rt_lib_shutdown_fp_trap_1              0x08000205   Thumb Code     0  libshutdown2.o(.ARM.Collect$$libshutdown$$00000007)
    __rt_lib_shutdown_heap_1                 0x08000205   Thumb Code     0  libshutdown2.o(.ARM.Collect$$libshutdown$$0000000F)
    __rt_lib_shutdown_return                 0x08000205   Thumb Code     0  libshutdown2.o(.ARM.Collect$$libshutdown$$00000010)
    __rt_lib_shutdown_signal_1               0x08000205   Thumb Code     0  libshutdown2.o(.ARM.Collect$$libshutdown$$0000000A)
    __rt_lib_shutdown_stdio_1                0x08000205   Thumb Code     0  libshutdown2.o(.ARM.Collect$$libshutdown$$00000004)
    __rt_lib_shutdown_user_alloc_1           0x08000205   Thumb Code     0  libshutdown2.o(.ARM.Collect$$libshutdown$$0000000C)
    __rt_entry                               0x08000207   Thumb Code     0  __rtentry.o(.ARM.Collect$$rtentry$$00000000)
    __rt_entry_presh_1                       0x08000207   Thumb Code     0  __rtentry2.o(.ARM.Collect$$rtentry$$00000002)
    __rt_entry_sh                            0x08000207   Thumb Code     0  __rtentry4.o(.ARM.Collect$$rtentry$$00000004)
    __rt_entry_li                            0x0800020d   Thumb Code     0  __rtentry2.o(.ARM.Collect$$rtentry$$0000000A)
    __rt_entry_postsh_1                      0x0800020d   Thumb Code     0  __rtentry2.o(.ARM.Collect$$rtentry$$00000009)
    __rt_entry_main                          0x08000211   Thumb Code     0  __rtentry2.o(.ARM.Collect$$rtentry$$0000000D)
    __rt_entry_postli_1                      0x08000211   Thumb Code     0  __rtentry2.o(.ARM.Collect$$rtentry$$0000000C)
    __rt_exit                                0x08000219   Thumb Code     0  rtexit.o(.ARM.Collect$$rtexit$$00000000)
    __rt_exit_ls                             0x0800021b   Thumb Code     0  rtexit2.o(.ARM.Collect$$rtexit$$00000003)
    __rt_exit_prels_1                        0x0800021b   Thumb Code     0  rtexit2.o(.ARM.Collect$$rtexit$$00000002)
    __rt_exit_exit                           0x0800021f   Thumb Code     0  rtexit2.o(.ARM.Collect$$rtexit$$00000004)
    Reset_Handler                            0x08000225   Thumb Code     8  startup_stm32f103xe.o(.text)
    ADC1_2_IRQHandler                        0x0800023f   Thumb Code     0  startup_stm32f103xe.o(.text)
    ADC3_IRQHandler                          0x0800023f   Thumb Code     0  startup_stm32f103xe.o(.text)
    CAN1_RX1_IRQHandler                      0x0800023f   Thumb Code     0  startup_stm32f103xe.o(.text)
    CAN1_SCE_IRQHandler                      0x0800023f   Thumb Code     0  startup_stm32f103xe.o(.text)
    DMA1_Channel1_IRQHandler                 0x0800023f   Thumb Code     0  startup_stm32f103xe.o(.text)
    DMA1_Channel2_IRQHandler                 0x0800023f   Thumb Code     0  startup_stm32f103xe.o(.text)
    DMA1_Channel3_IRQHandler                 0x0800023f   Thumb Code     0  startup_stm32f103xe.o(.text)
    DMA1_Channel4_IRQHandler                 0x0800023f   Thumb Code     0  startup_stm32f103xe.o(.text)
    DMA1_Channel5_IRQHandler                 0x0800023f   Thumb Code     0  startup_stm32f103xe.o(.text)
    DMA1_Channel6_IRQHandler                 0x0800023f   Thumb Code     0  startup_stm32f103xe.o(.text)
    DMA2_Channel1_IRQHandler                 0x0800023f   Thumb Code     0  startup_stm32f103xe.o(.text)
    DMA2_Channel2_IRQHandler                 0x0800023f   Thumb Code     0  startup_stm32f103xe.o(.text)
    DMA2_Channel3_IRQHandler                 0x0800023f   Thumb Code     0  startup_stm32f103xe.o(.text)
    DMA2_Channel4_5_IRQHandler               0x0800023f   Thumb Code     0  startup_stm32f103xe.o(.text)
    EXTI0_IRQHandler                         0x0800023f   Thumb Code     0  startup_stm32f103xe.o(.text)
    EXTI15_10_IRQHandler                     0x0800023f   Thumb Code     0  startup_stm32f103xe.o(.text)
    EXTI1_IRQHandler                         0x0800023f   Thumb Code     0  startup_stm32f103xe.o(.text)
    EXTI2_IRQHandler                         0x0800023f   Thumb Code     0  startup_stm32f103xe.o(.text)
    EXTI3_IRQHandler                         0x0800023f   Thumb Code     0  startup_stm32f103xe.o(.text)
    EXTI4_IRQHandler                         0x0800023f   Thumb Code     0  startup_stm32f103xe.o(.text)
    EXTI9_5_IRQHandler                       0x0800023f   Thumb Code     0  startup_stm32f103xe.o(.text)
    FLASH_IRQHandler                         0x0800023f   Thumb Code     0  startup_stm32f103xe.o(.text)
    FSMC_IRQHandler                          0x0800023f   Thumb Code     0  startup_stm32f103xe.o(.text)
    I2C1_ER_IRQHandler                       0x0800023f   Thumb Code     0  startup_stm32f103xe.o(.text)
    I2C1_EV_IRQHandler                       0x0800023f   Thumb Code     0  startup_stm32f103xe.o(.text)
    I2C2_ER_IRQHandler                       0x0800023f   Thumb Code     0  startup_stm32f103xe.o(.text)
    I2C2_EV_IRQHandler                       0x0800023f   Thumb Code     0  startup_stm32f103xe.o(.text)
    PVD_IRQHandler                           0x0800023f   Thumb Code     0  startup_stm32f103xe.o(.text)
    RCC_IRQHandler                           0x0800023f   Thumb Code     0  startup_stm32f103xe.o(.text)
    RTC_Alarm_IRQHandler                     0x0800023f   Thumb Code     0  startup_stm32f103xe.o(.text)
    RTC_IRQHandler                           0x0800023f   Thumb Code     0  startup_stm32f103xe.o(.text)
    SDIO_IRQHandler                          0x0800023f   Thumb Code     0  startup_stm32f103xe.o(.text)
    SPI1_IRQHandler                          0x0800023f   Thumb Code     0  startup_stm32f103xe.o(.text)
    SPI2_IRQHandler                          0x0800023f   Thumb Code     0  startup_stm32f103xe.o(.text)
    SPI3_IRQHandler                          0x0800023f   Thumb Code     0  startup_stm32f103xe.o(.text)
    TAMPER_IRQHandler                        0x0800023f   Thumb Code     0  startup_stm32f103xe.o(.text)
    TIM1_BRK_IRQHandler                      0x0800023f   Thumb Code     0  startup_stm32f103xe.o(.text)
    TIM1_CC_IRQHandler                       0x0800023f   Thumb Code     0  startup_stm32f103xe.o(.text)
    TIM1_TRG_COM_IRQHandler                  0x0800023f   Thumb Code     0  startup_stm32f103xe.o(.text)
    TIM2_IRQHandler                          0x0800023f   Thumb Code     0  startup_stm32f103xe.o(.text)
    TIM3_IRQHandler                          0x0800023f   Thumb Code     0  startup_stm32f103xe.o(.text)
    TIM4_IRQHandler                          0x0800023f   Thumb Code     0  startup_stm32f103xe.o(.text)
    TIM5_IRQHandler                          0x0800023f   Thumb Code     0  startup_stm32f103xe.o(.text)
    TIM6_IRQHandler                          0x0800023f   Thumb Code     0  startup_stm32f103xe.o(.text)
    TIM7_IRQHandler                          0x0800023f   Thumb Code     0  startup_stm32f103xe.o(.text)
    TIM8_BRK_IRQHandler                      0x0800023f   Thumb Code     0  startup_stm32f103xe.o(.text)
    TIM8_CC_IRQHandler                       0x0800023f   Thumb Code     0  startup_stm32f103xe.o(.text)
    TIM8_TRG_COM_IRQHandler                  0x0800023f   Thumb Code     0  startup_stm32f103xe.o(.text)
    TIM8_UP_IRQHandler                       0x0800023f   Thumb Code     0  startup_stm32f103xe.o(.text)
    UART4_IRQHandler                         0x0800023f   Thumb Code     0  startup_stm32f103xe.o(.text)
    UART5_IRQHandler                         0x0800023f   Thumb Code     0  startup_stm32f103xe.o(.text)
    USART1_IRQHandler                        0x0800023f   Thumb Code     0  startup_stm32f103xe.o(.text)
    USART3_IRQHandler                        0x0800023f   Thumb Code     0  startup_stm32f103xe.o(.text)
    USBWakeUp_IRQHandler                     0x0800023f   Thumb Code     0  startup_stm32f103xe.o(.text)
    USB_HP_CAN1_TX_IRQHandler                0x0800023f   Thumb Code     0  startup_stm32f103xe.o(.text)
    USB_LP_CAN1_RX0_IRQHandler               0x0800023f   Thumb Code     0  startup_stm32f103xe.o(.text)
    WWDG_IRQHandler                          0x0800023f   Thumb Code     0  startup_stm32f103xe.o(.text)
    __user_initial_stackheap                 0x08000241   Thumb Code     0  startup_stm32f103xe.o(.text)
    __2sprintf                               0x08000265   Thumb Code    34  noretval__2sprintf.o(.text)
    __printf                                 0x0800028d   Thumb Code   104  __printf.o(.text)
    __aeabi_memclr4                          0x080002f5   Thumb Code     0  rt_memclr_w.o(.text)
    __aeabi_memclr8                          0x080002f5   Thumb Code     0  rt_memclr_w.o(.text)
    __rt_memclr_w                            0x080002f5   Thumb Code    78  rt_memclr_w.o(.text)
    _memset_w                                0x080002f9   Thumb Code     0  rt_memclr_w.o(.text)
    __use_two_region_memory                  0x08000343   Thumb Code     2  heapauxi.o(.text)
    __rt_heap_escrow$2region                 0x08000345   Thumb Code     2  heapauxi.o(.text)
    __rt_heap_expand$2region                 0x08000347   Thumb Code     2  heapauxi.o(.text)
    __read_errno                             0x08000349   Thumb Code    10  _rserrno.o(.text)
    __set_errno                              0x08000353   Thumb Code    12  _rserrno.o(.text)
    __lib_sel_fp_printf                      0x0800035f   Thumb Code     2  _printf_fp_dec.o(.text)
    _printf_fp_dec_real                      0x08000511   Thumb Code   620  _printf_fp_dec.o(.text)
    _printf_char_common                      0x08000787   Thumb Code    32  _printf_char_common.o(.text)
    _sputc                                   0x080007ad   Thumb Code    10  _sputc.o(.text)
    __rt_locale                              0x080007b9   Thumb Code     8  rt_locale_intlibspace.o(.text)
    __aeabi_errno_addr                       0x080007c1   Thumb Code     8  rt_errno_addr_intlibspace.o(.text)
    __errno$intlibspace                      0x080007c1   Thumb Code     0  rt_errno_addr_intlibspace.o(.text)
    __rt_errno_addr$intlibspace              0x080007c1   Thumb Code     0  rt_errno_addr_intlibspace.o(.text)
    _ll_udiv10                               0x080007c9   Thumb Code   138  lludiv10.o(.text)
    _printf_fp_infnan                        0x08000855   Thumb Code   112  _printf_fp_infnan.o(.text)
    _btod_etento                             0x080008d5   Thumb Code   224  bigflt0.o(.text)
    __user_libspace                          0x080009b9   Thumb Code     8  libspace.o(.text)
    __user_perproc_libspace                  0x080009b9   Thumb Code     0  libspace.o(.text)
    __user_perthread_libspace                0x080009b9   Thumb Code     0  libspace.o(.text)
    __user_setup_stackheap                   0x080009c1   Thumb Code    74  sys_stackheap_outer.o(.text)
    exit                                     0x08000a0b   Thumb Code    18  exit.o(.text)
    strcmp                                   0x08000a1d   Thumb Code   128  strcmpv7m.o(.text)
    _sys_exit                                0x08000a9d   Thumb Code     8  sys_exit.o(.text)
    __I$use$semihosting                      0x08000aa9   Thumb Code     0  use_no_semi.o(.text)
    __use_no_semihosting_swi                 0x08000aa9   Thumb Code     2  use_no_semi.o(.text)
    __semihosting_library_function           0x08000aab   Thumb Code     0  indicate_semi.o(.text)
    _btod_d2e                                0x08000aab   Thumb Code    62  btod.o(CL$$btod_d2e)
    _d2e_denorm_low                          0x08000ae9   Thumb Code    70  btod.o(CL$$btod_d2e_denorm_low)
    _d2e_norm_op1                            0x08000b2f   Thumb Code    96  btod.o(CL$$btod_d2e_norm_op1)
    __btod_div_common                        0x08000b8f   Thumb Code   696  btod.o(CL$$btod_div_common)
    _e2e                                     0x08000ec7   Thumb Code   220  btod.o(CL$$btod_e2e)
    _btod_ediv                               0x08000fa3   Thumb Code    42  btod.o(CL$$btod_ediv)
    _btod_emul                               0x08000fcd   Thumb Code    42  btod.o(CL$$btod_emul)
    __btod_mult_common                       0x08000ff7   Thumb Code   580  btod.o(CL$$btod_mult_common)
    BusFault_Handler                         0x0800123b   Thumb Code     4  stm32f1xx_it.o(i.BusFault_Handler)
    DMA1_Channel7_IRQHandler                 0x08001241   Thumb Code    10  stm32f1xx_it.o(i.DMA1_Channel7_IRQHandler)
    DebugMon_Handler                         0x0800127d   Thumb Code     2  stm32f1xx_it.o(i.DebugMon_Handler)
    Encoder_Init                             0x08001281   Thumb Code    76  encoder.o(i.Encoder_Init)
    Error_Handler                            0x080012d9   Thumb Code     6  main.o(i.Error_Handler)
    HAL_DMA_Abort                            0x080012df   Thumb Code    86  stm32f1xx_hal_dma.o(i.HAL_DMA_Abort)
    HAL_DMA_Abort_IT                         0x08001335   Thumb Code   414  stm32f1xx_hal_dma.o(i.HAL_DMA_Abort_IT)
    HAL_DMA_IRQHandler                       0x080014dd   Thumb Code   910  stm32f1xx_hal_dma.o(i.HAL_DMA_IRQHandler)
    HAL_DMA_Init                             0x08001875   Thumb Code   132  stm32f1xx_hal_dma.o(i.HAL_DMA_Init)
    HAL_DMA_Start_IT                         0x08001901   Thumb Code   156  stm32f1xx_hal_dma.o(i.HAL_DMA_Start_IT)
    HAL_Delay                                0x0800199d   Thumb Code    36  stm32f1xx_hal.o(i.HAL_Delay)
    HAL_GPIO_Init                            0x080019c5   Thumb Code   792  stm32f1xx_hal_gpio.o(i.HAL_GPIO_Init)
    HAL_GPIO_TogglePin                       0x08001d05   Thumb Code    20  stm32f1xx_hal_gpio.o(i.HAL_GPIO_TogglePin)
    HAL_GPIO_WritePin                        0x08001d19   Thumb Code    12  stm32f1xx_hal_gpio.o(i.HAL_GPIO_WritePin)
    HAL_GetTick                              0x08001d25   Thumb Code     6  stm32f1xx_hal.o(i.HAL_GetTick)
    HAL_I2C_Init                             0x08001d31   Thumb Code   446  stm32f1xx_hal_i2c.o(i.HAL_I2C_Init)
    HAL_I2C_Mem_Read                         0x08001f01   Thumb Code   868  stm32f1xx_hal_i2c.o(i.HAL_I2C_Mem_Read)
    HAL_I2C_Mem_Write                        0x08002275   Thumb Code   348  stm32f1xx_hal_i2c.o(i.HAL_I2C_Mem_Write)
    HAL_I2C_MspInit                          0x080023d9   Thumb Code   104  i2c.o(i.HAL_I2C_MspInit)
    HAL_IncTick                              0x0800244d   Thumb Code    16  stm32f1xx_hal.o(i.HAL_IncTick)
    HAL_Init                                 0x08002465   Thumb Code    34  stm32f1xx_hal.o(i.HAL_Init)
    HAL_InitTick                             0x0800248d   Thumb Code    64  stm32f1xx_hal.o(i.HAL_InitTick)
    HAL_MspInit                              0x080024d9   Thumb Code    76  stm32f1xx_hal_msp.o(i.HAL_MspInit)
    HAL_NVIC_EnableIRQ                       0x0800252d   Thumb Code    32  stm32f1xx_hal_cortex.o(i.HAL_NVIC_EnableIRQ)
    HAL_NVIC_SetPriority                     0x0800254d   Thumb Code   124  stm32f1xx_hal_cortex.o(i.HAL_NVIC_SetPriority)
    HAL_NVIC_SetPriorityGrouping             0x080025c9   Thumb Code    32  stm32f1xx_hal_cortex.o(i.HAL_NVIC_SetPriorityGrouping)
    HAL_RCC_ClockConfig                      0x080025f1   Thumb Code   376  stm32f1xx_hal_rcc.o(i.HAL_RCC_ClockConfig)
    HAL_RCC_GetHCLKFreq                      0x0800277d   Thumb Code     6  stm32f1xx_hal_rcc.o(i.HAL_RCC_GetHCLKFreq)
    HAL_RCC_GetPCLK1Freq                     0x08002789   Thumb Code    22  stm32f1xx_hal_rcc.o(i.HAL_RCC_GetPCLK1Freq)
    HAL_RCC_GetPCLK2Freq                     0x080027a9   Thumb Code    22  stm32f1xx_hal_rcc.o(i.HAL_RCC_GetPCLK2Freq)
    HAL_RCC_GetSysClockFreq                  0x080027c9   Thumb Code    92  stm32f1xx_hal_rcc.o(i.HAL_RCC_GetSysClockFreq)
    HAL_RCC_OscConfig                        0x08002839   Thumb Code  1114  stm32f1xx_hal_rcc.o(i.HAL_RCC_OscConfig)
    HAL_SPI_Init                             0x08002c9d   Thumb Code   190  stm32f1xx_hal_spi.o(i.HAL_SPI_Init)
    HAL_SPI_MspInit                          0x08002d5d   Thumb Code   120  spi.o(i.HAL_SPI_MspInit)
    HAL_SPI_TransmitReceive                  0x08002de1   Thumb Code   584  stm32f1xx_hal_spi.o(i.HAL_SPI_TransmitReceive)
    HAL_SYSTICK_Config                       0x08003029   Thumb Code    52  stm32f1xx_hal_cortex.o(i.HAL_SYSTICK_Config)
    HAL_TIMEx_BreakCallback                  0x0800305d   Thumb Code     2  stm32f1xx_hal_tim_ex.o(i.HAL_TIMEx_BreakCallback)
    HAL_TIMEx_CommutCallback                 0x0800305f   Thumb Code     2  stm32f1xx_hal_tim_ex.o(i.HAL_TIMEx_CommutCallback)
    HAL_TIMEx_MasterConfigSynchronization    0x08003061   Thumb Code   134  stm32f1xx_hal_tim_ex.o(i.HAL_TIMEx_MasterConfigSynchronization)
    HAL_TIM_Base_Init                        0x080030fd   Thumb Code   102  stm32f1xx_hal_tim.o(i.HAL_TIM_Base_Init)
    HAL_TIM_Base_MspInit                     0x08003165   Thumb Code    58  tim.o(i.HAL_TIM_Base_MspInit)
    HAL_TIM_Base_Start_IT                    0x080031a9   Thumb Code   122  stm32f1xx_hal_tim.o(i.HAL_TIM_Base_Start_IT)
    HAL_TIM_ConfigClockSource                0x08003239   Thumb Code   268  stm32f1xx_hal_tim.o(i.HAL_TIM_ConfigClockSource)
    HAL_TIM_Encoder_Init                     0x08003345   Thumb Code   196  stm32f1xx_hal_tim.o(i.HAL_TIM_Encoder_Init)
    HAL_TIM_Encoder_MspInit                  0x08003409   Thumb Code   330  tim.o(i.HAL_TIM_Encoder_MspInit)
    HAL_TIM_Encoder_Start_IT                 0x08003571   Thumb Code   252  stm32f1xx_hal_tim.o(i.HAL_TIM_Encoder_Start_IT)
    HAL_TIM_IC_CaptureCallback               0x0800366d   Thumb Code     2  stm32f1xx_hal_tim.o(i.HAL_TIM_IC_CaptureCallback)
    HAL_TIM_IRQHandler                       0x0800366f   Thumb Code   364  stm32f1xx_hal_tim.o(i.HAL_TIM_IRQHandler)
    HAL_TIM_MspPostInit                      0x080037dd   Thumb Code   152  tim.o(i.HAL_TIM_MspPostInit)
    HAL_TIM_OC_DelayElapsedCallback          0x0800388d   Thumb Code     2  stm32f1xx_hal_tim.o(i.HAL_TIM_OC_DelayElapsedCallback)
    HAL_TIM_PWM_ConfigChannel                0x0800388f   Thumb Code   260  stm32f1xx_hal_tim.o(i.HAL_TIM_PWM_ConfigChannel)
    HAL_TIM_PWM_Init                         0x08003993   Thumb Code   102  stm32f1xx_hal_tim.o(i.HAL_TIM_PWM_Init)
    HAL_TIM_PWM_MspInit                      0x080039f9   Thumb Code    76  tim.o(i.HAL_TIM_PWM_MspInit)
    HAL_TIM_PWM_PulseFinishedCallback        0x08003a51   Thumb Code     2  stm32f1xx_hal_tim.o(i.HAL_TIM_PWM_PulseFinishedCallback)
    HAL_TIM_PWM_Start                        0x08003a55   Thumb Code   222  stm32f1xx_hal_tim.o(i.HAL_TIM_PWM_Start)
    HAL_TIM_PeriodElapsedCallback            0x08003b49   Thumb Code   154  main.o(i.HAL_TIM_PeriodElapsedCallback)
    HAL_TIM_TriggerCallback                  0x08003c09   Thumb Code     2  stm32f1xx_hal_tim.o(i.HAL_TIM_TriggerCallback)
    HAL_UARTEx_RxEventCallback               0x08003c0b   Thumb Code     2  stm32f1xx_hal_uart.o(i.HAL_UARTEx_RxEventCallback)
    HAL_UART_ErrorCallback                   0x08003c0d   Thumb Code     2  stm32f1xx_hal_uart.o(i.HAL_UART_ErrorCallback)
    HAL_UART_IRQHandler                      0x08003c11   Thumb Code   736  stm32f1xx_hal_uart.o(i.HAL_UART_IRQHandler)
    HAL_UART_Init                            0x08003ef5   Thumb Code   118  stm32f1xx_hal_uart.o(i.HAL_UART_Init)
    HAL_UART_MspInit                         0x08003f6d   Thumb Code   186  usart.o(i.HAL_UART_MspInit)
    HAL_UART_RxCpltCallback                  0x0800403d   Thumb Code     2  stm32f1xx_hal_uart.o(i.HAL_UART_RxCpltCallback)
    HAL_UART_Transmit_DMA                    0x08004041   Thumb Code   128  stm32f1xx_hal_uart.o(i.HAL_UART_Transmit_DMA)
    HAL_UART_TxCpltCallback                  0x080040cd   Thumb Code     2  stm32f1xx_hal_uart.o(i.HAL_UART_TxCpltCallback)
    HAL_UART_TxHalfCpltCallback              0x080040cf   Thumb Code     2  stm32f1xx_hal_uart.o(i.HAL_UART_TxHalfCpltCallback)
    HardFault_Handler                        0x080040d1   Thumb Code     4  stm32f1xx_it.o(i.HardFault_Handler)
    LED_ON                                   0x08004665   Thumb Code    14  led.o(i.LED_ON)
    LED_TogglePin                            0x08004679   Thumb Code    12  led.o(i.LED_TogglePin)
    MOTOR_Init                               0x08004689   Thumb Code    28  motor.o(i.MOTOR_Init)
    MPU6500_DATA_INIT                        0x080046ad   Thumb Code    18  mpu9250.o(i.MPU6500_DATA_INIT)
    MPU6500_READ                             0x080046c5   Thumb Code   674  mpu6500sport.o(i.MPU6500_READ)
    MX_DMA_Init                              0x080049d9   Thumb Code    48  dma.o(i.MX_DMA_Init)
    MX_GPIO_Init                             0x08004a0d   Thumb Code   240  gpio.o(i.MX_GPIO_Init)
    MX_I2C1_Init                             0x08004b0d   Thumb Code    48  i2c.o(i.MX_I2C1_Init)
    MX_SPI1_Init                             0x08004b49   Thumb Code    60  spi.o(i.MX_SPI1_Init)
    MX_TIM1_Init                             0x08004b8d   Thumb Code   104  tim.o(i.MX_TIM1_Init)
    MX_TIM2_Init                             0x08004bfd   Thumb Code   116  tim.o(i.MX_TIM2_Init)
    MX_TIM3_Init                             0x08004c75   Thumb Code   132  tim.o(i.MX_TIM3_Init)
    MX_TIM4_Init                             0x08004d01   Thumb Code   116  tim.o(i.MX_TIM4_Init)
    MX_TIM5_Init                             0x08004d7d   Thumb Code   114  tim.o(i.MX_TIM5_Init)
    MX_TIM8_Init                             0x08004df9   Thumb Code   116  tim.o(i.MX_TIM8_Init)
    MX_USART2_UART_Init                      0x08004e75   Thumb Code    46  usart.o(i.MX_USART2_UART_Init)
    MemManage_Handler                        0x08004ead   Thumb Code     4  stm32f1xx_it.o(i.MemManage_Handler)
    Motor_370_F                              0x08004eb1   Thumb Code    84  motor.o(i.Motor_370_F)
    Motor_370_L                              0x08004f11   Thumb Code    82  motor.o(i.Motor_370_L)
    Motor_370_R                              0x08004f71   Thumb Code    86  motor.o(i.Motor_370_R)
    Motor_370_respectively                   0x08004fd1   Thumb Code    82  motor.o(i.Motor_370_respectively)
    Motor_370_respectively_turn              0x08005029   Thumb Code    28  motor.o(i.Motor_370_respectively_turn)
    Mpu6050_get_data                         0x08005045   Thumb Code   434  mpu9250.o(i.Mpu6050_get_data)
    Mpu6050_init                             0x08005211   Thumb Code   224  mpu9250.o(i.Mpu6050_init)
    NMI_Handler                              0x080052f5   Thumb Code     4  stm32f1xx_it.o(i.NMI_Handler)
    NRF24L01_Check                           0x080052f9   Thumb Code    66  nrf.o(i.NRF24L01_Check)
    NRF24L01_RX_Mode                         0x08005345   Thumb Code    88  nrf.o(i.NRF24L01_RX_Mode)
    NRF24L01_Read_Buf                        0x080053a5   Thumb Code    68  nrf.o(i.NRF24L01_Read_Buf)
    NRF24L01_Read_Reg                        0x080053f1   Thumb Code    46  nrf.o(i.NRF24L01_Read_Reg)
    NRF24L01_RxPacket                        0x08005429   Thumb Code    52  nrf.o(i.NRF24L01_RxPacket)
    NRF24L01_Write_Buf                       0x0800545d   Thumb Code    68  nrf.o(i.NRF24L01_Write_Buf)
    NRF24L01_Write_Reg                       0x080054a9   Thumb Code    48  nrf.o(i.NRF24L01_Write_Reg)
    NRF_BUFFER_Init                          0x080054e1   Thumb Code    44  nrf_counter.o(i.NRF_BUFFER_Init)
    NRF_Location_spin                        0x08005515   Thumb Code   544  nrf_counter.o(i.NRF_Location_spin)
    NRF_dispose                              0x08005769   Thumb Code   196  nrf.o(i.NRF_dispose)
    PendSV_Handler                           0x0800583d   Thumb Code     2  stm32f1xx_it.o(i.PendSV_Handler)
    PositionPID                              0x08005841   Thumb Code   116  pid.o(i.PositionPID)
    READ_SPEED                               0x080058ed   Thumb Code    70  encoder.o(i.READ_SPEED)
    Read_Speed                               0x08005941   Thumb Code    16  encoder.o(i.Read_Speed)
    SPIx_ReadWriteByte                       0x08005a6d   Thumb Code    36  nrf.o(i.SPIx_ReadWriteByte)
    SPORT                                    0x08005a91   Thumb Code    44  sport.o(i.SPORT)
    SVC_Handler                              0x08005ac1   Thumb Code     2  stm32f1xx_it.o(i.SVC_Handler)
    SysTick_Handler                          0x08005ac3   Thumb Code     8  stm32f1xx_it.o(i.SysTick_Handler)
    SystemClock_Config                       0x08005acb   Thumb Code    98  main.o(i.SystemClock_Config)
    SystemInit                               0x08005b2d   Thumb Code     2  system_stm32f1xx.o(i.SystemInit)
    TIM1_UP_IRQHandler                       0x08005b31   Thumb Code    10  stm32f1xx_it.o(i.TIM1_UP_IRQHandler)
    TIM_Base_SetConfig                       0x08005b41   Thumb Code   150  stm32f1xx_hal_tim.o(i.TIM_Base_SetConfig)
    TIM_CCxChannelCmd                        0x08005bed   Thumb Code    34  stm32f1xx_hal_tim.o(i.TIM_CCxChannelCmd)
    TIM_ETR_SetConfig                        0x08005c0f   Thumb Code    22  stm32f1xx_hal_tim.o(i.TIM_ETR_SetConfig)
    TIM_OC2_SetConfig                        0x08005ca9   Thumb Code   114  stm32f1xx_hal_tim.o(i.TIM_OC2_SetConfig)
    TURN_PID                                 0x08005e41   Thumb Code   476  pid_counter.o(i.TURN_PID)
    USART2_IRQHandler                        0x0800641d   Thumb Code    10  stm32f1xx_it.o(i.USART2_IRQHandler)
    UsageFault_Handler                       0x0800642d   Thumb Code     4  stm32f1xx_it.o(i.UsageFault_Handler)
    X_Y_count                                0x08006431   Thumb Code   488  location.o(i.X_Y_count)
    YAW_PID                                  0x08006661   Thumb Code   474  pid_counter.o(i.YAW_PID)
    __ARM_fpclassify                         0x08006875   Thumb Code    40  fpclassify.o(i.__ARM_fpclassify)
    __ieee754_rem_pio2                       0x080068d5   Thumb Code   828  rred.o(i.__ieee754_rem_pio2)
    __kernel_cos                             0x08006c5d   Thumb Code   230  cos_i.o(i.__kernel_cos)
    __kernel_poly                            0x08006d59   Thumb Code   170  poly.o(i.__kernel_poly)
    __kernel_sin                             0x08006e05   Thumb Code   224  sin_i.o(i.__kernel_sin)
    __mathlib_dbl_infnan                     0x08006ef1   Thumb Code     6  dunder.o(i.__mathlib_dbl_infnan)
    __mathlib_dbl_infnan2                    0x08006ef7   Thumb Code     4  dunder.o(i.__mathlib_dbl_infnan2)
    __mathlib_dbl_invalid                    0x08006efb   Thumb Code    12  dunder.o(i.__mathlib_dbl_invalid)
    __mathlib_dbl_underflow                  0x08006f09   Thumb Code    10  dunder.o(i.__mathlib_dbl_underflow)
    acc_filter                               0x08006f19   Thumb Code   178  filter.o(i.acc_filter)
    atan                                     0x08006fe5   Thumb Code   474  atan.o(i.atan)
    atan2                                    0x08007205   Thumb Code   346  atan2.o(i.atan2)
    cos                                      0x08007385   Thumb Code   148  cos.o(i.cos)
    kalman_filter                            0x08007421   Thumb Code   524  filter.o(i.kalman_filter)
    main                                     0x08007669   Thumb Code   136  main.o(i.main)
    position_pid_for_turn                    0x080076f9   Thumb Code    16  pid.o(i.position_pid_for_turn)
    sin                                      0x0800770d   Thumb Code   150  sin.o(i.sin)
    sqrt                                     0x080077ad   Thumb Code    76  sqrt.o(i.sqrt)
    turn_sport_pid                           0x080077f9   Thumb Code   316  pid_counter.o(i.turn_sport_pid)
    _get_lc_numeric                          0x0800795d   Thumb Code    44  lc_numeric_c.o(locale$$code)
    __aeabi_d2f                              0x08007989   Thumb Code     0  d2f.o(x$fpl$d2f)
    _d2f                                     0x08007989   Thumb Code    98  d2f.o(x$fpl$d2f)
    __aeabi_dadd                             0x080079ed   Thumb Code     0  daddsub_clz.o(x$fpl$dadd)
    _dadd                                    0x080079ed   Thumb Code   332  daddsub_clz.o(x$fpl$dadd)
    __fpl_dcheck_NaN1                        0x08007b3d   Thumb Code    10  dcheck1.o(x$fpl$dcheck1)
    __aeabi_ddiv                             0x08007b4d   Thumb Code     0  ddiv.o(x$fpl$ddiv)
    _ddiv                                    0x08007b4d   Thumb Code   552  ddiv.o(x$fpl$ddiv)
    __aeabi_d2iz                             0x08007dfd   Thumb Code     0  dfix.o(x$fpl$dfix)
    _dfix                                    0x08007dfd   Thumb Code    94  dfix.o(x$fpl$dfix)
    __aeabi_i2d                              0x08007e5b   Thumb Code     0  dflt_clz.o(x$fpl$dflt)
    _dflt                                    0x08007e5b   Thumb Code    46  dflt_clz.o(x$fpl$dflt)
    __aeabi_ui2d                             0x08007e89   Thumb Code     0  dflt_clz.o(x$fpl$dfltu)
    _dfltu                                   0x08007e89   Thumb Code    38  dflt_clz.o(x$fpl$dfltu)
    __aeabi_dmul                             0x08007eb1   Thumb Code     0  dmul.o(x$fpl$dmul)
    _dmul                                    0x08007eb1   Thumb Code   332  dmul.o(x$fpl$dmul)
    __fpl_dnaninf                            0x08008005   Thumb Code   156  dnaninf.o(x$fpl$dnaninf)
    __fpl_dretinf                            0x080080a1   Thumb Code    12  dretinf.o(x$fpl$dretinf)
    __aeabi_drsub                            0x080080ad   Thumb Code     0  daddsub_clz.o(x$fpl$drsb)
    _drsb                                    0x080080ad   Thumb Code    22  daddsub_clz.o(x$fpl$drsb)
    _dsqrt                                   0x080080c5   Thumb Code   456  dsqrt_noumaal.o(x$fpl$dsqrt)
    __aeabi_dsub                             0x08008291   Thumb Code     0  daddsub_clz.o(x$fpl$dsub)
    _dsub                                    0x08008291   Thumb Code   464  daddsub_clz.o(x$fpl$dsub)
    __aeabi_f2d                              0x08008465   Thumb Code     0  f2d.o(x$fpl$f2d)
    _f2d                                     0x08008465   Thumb Code    86  f2d.o(x$fpl$f2d)
    __aeabi_fadd                             0x080084bd   Thumb Code     0  faddsub_clz.o(x$fpl$fadd)
    _fadd                                    0x080084bd   Thumb Code   196  faddsub_clz.o(x$fpl$fadd)
    __fpl_fcmp_Inf                           0x08008581   Thumb Code    24  fcmpi.o(x$fpl$fcmpinf)
    __aeabi_fdiv                             0x08008599   Thumb Code     0  fdiv.o(x$fpl$fdiv)
    _fdiv                                    0x08008599   Thumb Code   384  fdiv.o(x$fpl$fdiv)
    __aeabi_f2iz                             0x0800871d   Thumb Code     0  ffix.o(x$fpl$ffix)
    _ffix                                    0x0800871d   Thumb Code    54  ffix.o(x$fpl$ffix)
    __aeabi_i2f                              0x08008755   Thumb Code     0  fflt_clz.o(x$fpl$fflt)
    _fflt                                    0x08008755   Thumb Code    48  fflt_clz.o(x$fpl$fflt)
    __aeabi_cfcmple                          0x08008785   Thumb Code     0  fleqf.o(x$fpl$fleqf)
    _fcmple                                  0x08008785   Thumb Code   104  fleqf.o(x$fpl$fleqf)
    __fpl_fcmple_InfNaN                      0x080087d7   Thumb Code     0  fleqf.o(x$fpl$fleqf)
    __aeabi_fmul                             0x080087ed   Thumb Code     0  fmul.o(x$fpl$fmul)
    _fmul                                    0x080087ed   Thumb Code   258  fmul.o(x$fpl$fmul)
    __fpl_fnaninf                            0x080088ef   Thumb Code   140  fnaninf.o(x$fpl$fnaninf)
    __fpl_fretinf                            0x0800897b   Thumb Code    10  fretinf.o(x$fpl$fretinf)
    __aeabi_cfrcmple                         0x08008985   Thumb Code     0  frleqf.o(x$fpl$frleqf)
    _frcmple                                 0x08008985   Thumb Code    98  frleqf.o(x$fpl$frleqf)
    __aeabi_frsub                            0x080089e7   Thumb Code     0  faddsub_clz.o(x$fpl$frsb)
    _frsb                                    0x080089e7   Thumb Code    20  faddsub_clz.o(x$fpl$frsb)
    __aeabi_fsub                             0x080089fd   Thumb Code     0  faddsub_clz.o(x$fpl$fsub)
    _fsub                                    0x080089fd   Thumb Code   234  faddsub_clz.o(x$fpl$fsub)
    _printf_fp_dec                           0x08008ae7   Thumb Code     4  printf1.o(x$fpl$printf1)
    __fpl_return_NaN                         0x08008aeb   Thumb Code   100  retnan.o(x$fpl$retnan)
    __ARM_scalbn                             0x08008b4f   Thumb Code    92  scalbn.o(x$fpl$scalbn)
    __fpl_cmpreturn                          0x08008bab   Thumb Code    48  trapv.o(x$fpl$trapveneer)
    __I$use$fp                               0x08008bda   Number         0  usenofp.o(x$fpl$usenofp)
    TX_ADDRESS                               0x08008bec   Data           5  nrf.o(.constdata)
    RX_ADDRESS                               0x08008bf1   Data           5  nrf.o(.constdata)
    AHBPrescTable                            0x08008bf6   Data          16  system_stm32f1xx.o(.constdata)
    APBPrescTable                            0x08008c06   Data           8  system_stm32f1xx.o(.constdata)
    __mathlib_zero                           0x08008cd8   Data           8  qnan.o(.constdata)
    Region$$Table$$Base                      0x08008e64   Number         0  anon$$obj.o(Region$$Table)
    Region$$Table$$Limit                     0x08008e84   Number         0  anon$$obj.o(Region$$Table)
    gx                                       0x20000000   Data           2  mpu6500sport.o(.data)
    gy                                       0x20000002   Data           2  mpu6500sport.o(.data)
    gz                                       0x20000004   Data           2  mpu6500sport.o(.data)
    ax                                       0x20000006   Data           2  mpu6500sport.o(.data)
    ay                                       0x20000008   Data           2  mpu6500sport.o(.data)
    az                                       0x2000000a   Data           2  mpu6500sport.o(.data)
    temperature                              0x2000000c   Data           2  mpu6500sport.o(.data)
    temp                                     0x20000010   Data           4  mpu6500sport.o(.data)
    ax_sum                                   0x20000014   Data           4  mpu6500sport.o(.data)
    ay_sum                                   0x20000018   Data           4  mpu6500sport.o(.data)
    z_sta                                    0x2000001c   Data           4  mpu6500sport.o(.data)
    ax_zero                                  0x20000020   Data           4  mpu6500sport.o(.data)
    ay_zero                                  0x20000024   Data           4  mpu6500sport.o(.data)
    z_zero                                   0x20000028   Data           4  mpu6500sport.o(.data)
    z_stat                                   0x2000002c   Data           4  mpu6500sport.o(.data)
    yaw_bias                                 0x20000040   Data           4  pid_counter.o(.data)
    speed_bias                               0x20000044   Data           4  pid_counter.o(.data)
    f_motor                                  0x20000048   Data           4  pid_counter.o(.data)
    l_motor                                  0x2000004c   Data           4  pid_counter.o(.data)
    r_motor                                  0x20000050   Data           4  pid_counter.o(.data)
    LED_TIM                                  0x20000054   Data           4  pid_counter.o(.data)
    v_x1                                     0x20000058   Data           4  pid_counter.o(.data)
    v_y1                                     0x2000005c   Data           4  pid_counter.o(.data)
    yaw_bias1                                0x20000060   Data           4  pid_counter.o(.data)
    speed_bias1                              0x20000064   Data           4  pid_counter.o(.data)
    SA1                                      0x20000084   Data           4  main.o(.data)
    SA2                                      0x20000088   Data           4  main.o(.data)
    SA3                                      0x2000008c   Data           4  main.o(.data)
    recv                                     0x20000090   Data           1  main.o(.data)
    g                                        0x20000094   Data           4  main.o(.data)
    tim1                                     0x20000098   Data           4  main.o(.data)
    sa1                                      0x2000009c   Data           4  main.o(.data)
    sa2                                      0x200000a0   Data           4  main.o(.data)
    sa3                                      0x200000a4   Data           4  main.o(.data)
    sa_yaw1                                  0x200000a8   Data           4  nrf_counter.o(.data)
    sa_yaw2                                  0x200000ac   Data           4  nrf_counter.o(.data)
    yaw1                                     0x200000b0   Data           4  nrf_counter.o(.data)
    sa_yaw3                                  0x200000b4   Data           4  nrf_counter.o(.data)
    sa_yaw4                                  0x200000b8   Data           4  nrf_counter.o(.data)
    yaw2                                     0x200000bc   Data           4  nrf_counter.o(.data)
    motor_left2                              0x200000c0   Data           4  nrf_counter.o(.data)
    sa4                                      0x200000c8   Data           4  location.o(.data)
    sa5                                      0x200000cc   Data           4  location.o(.data)
    sa6                                      0x200000d0   Data           4  location.o(.data)
    sa_x                                     0x200000d4   Data           4  location.o(.data)
    sa_y                                     0x200000d8   Data           4  location.o(.data)
    Encoder_X                                0x200000dc   Data           4  location.o(.data)
    Encoder_Y                                0x200000e0   Data           4  location.o(.data)
    slip_f                                   0x200000e4   Data           4  location.o(.data)
    slip_l                                   0x200000e8   Data           4  location.o(.data)
    slip_r                                   0x200000ec   Data           4  location.o(.data)
    Encoder_F_V                              0x200000f0   Data           4  location.o(.data)
    Encoder_L_V                              0x200000f4   Data           4  location.o(.data)
    Encoder_R_V                              0x200000f8   Data           4  location.o(.data)
    uwTick                                   0x200000fc   Data           4  stm32f1xx_hal.o(.data)
    uwTickPrio                               0x20000100   Data           4  stm32f1xx_hal.o(.data)
    uwTickFreq                               0x20000104   Data           1  stm32f1xx_hal.o(.data)
    yaw_PID                                  0x20000144   Data          12  pid.o(.data)
    turn_PID                                 0x20000150   Data          12  pid.o(.data)
    BUFF_NBR                                 0x2000016c   Data           5  nrf.o(.data)
    sa_NRF_START                             0x20000174   Data           4  nrf.o(.data)
    sa_NRF_GUDINGYAW                         0x20000178   Data           4  nrf.o(.data)
    sa_NRF_KEY6                              0x2000017c   Data           4  nrf.o(.data)
    sa_NRF_KEY6_SATUS                        0x20000180   Data           4  nrf.o(.data)
    SystemCoreClock                          0x20000184   Data           4  system_stm32f1xx.o(.data)
    sa_buf                                   0x20000188   Data          10  main.o(.bss)
    hi2c1                                    0x20000194   Data          84  i2c.o(.bss)
    hspi1                                    0x200001e8   Data          88  spi.o(.bss)
    htim1                                    0x20000240   Data          72  tim.o(.bss)
    htim2                                    0x20000288   Data          72  tim.o(.bss)
    htim3                                    0x200002d0   Data          72  tim.o(.bss)
    htim4                                    0x20000318   Data          72  tim.o(.bss)
    htim5                                    0x20000360   Data          72  tim.o(.bss)
    htim8                                    0x200003a8   Data          72  tim.o(.bss)
    huart2                                   0x200003f0   Data          72  usart.o(.bss)
    hdma_usart2_tx                           0x20000438   Data          68  usart.o(.bss)
    mpu6500_Data                             0x2000047c   Data          28  mpu9250.o(.bss)
    gx_buf                                   0x20000498   Data          32  filter.o(.bss)
    ax_buf                                   0x200004b8   Data          32  filter.o(.bss)
    ay_buf                                   0x200004d8   Data          32  filter.o(.bss)
    az_buf                                   0x200004f8   Data          32  filter.o(.bss)
    Receive                                  0x20000528   Data          33  nrf.o(.bss)
    NBF_BUFF                                 0x2000054a   Data          12  nrf.o(.bss)
    __libspace_start                         0x20000558   Data          96  libspace.o(.bss)
    __temporary_stack_top$libspace           0x200005b8   Data           0  libspace.o(.bss)



==============================================================================

Memory Map of the image

  Image Entry point : 0x08000131

  Load Region LR_IROM1 (Base: 0x08000000, Size: 0x00009028, Max: 0x00040000, ABSOLUTE, COMPRESSED[0x00008eb8])

    Execution Region ER_IROM1 (Exec base: 0x08000000, Load base: 0x08000000, Size: 0x00008ea0, Max: 0x00040000, ABSOLUTE)

    Exec Addr    Load Addr    Size         Type   Attr      Idx    E Section Name        Object

    0x08000000   0x08000000   0x00000130   Data   RO            3    RESET               startup_stm32f103xe.o
    0x08000130   0x08000130   0x00000008   Code   RO         4423  * !!!main             c_w.l(__main.o)
    0x08000138   0x08000138   0x00000034   Code   RO         4793    !!!scatter          c_w.l(__scatter.o)
    0x0800016c   0x0800016c   0x0000005a   Code   RO         4791    !!dczerorl2         c_w.l(__dczerorl2.o)
    0x080001c6   0x080001c6   0x00000002   PAD
    0x080001c8   0x080001c8   0x0000001c   Code   RO         4795    !!handler_zi        c_w.l(__scatter_zi.o)
    0x080001e4   0x080001e4   0x00000000   Code   RO         4418    .ARM.Collect$$_printf_percent$$00000000  c_w.l(_printf_percent.o)
    0x080001e4   0x080001e4   0x00000006   Code   RO         4417    .ARM.Collect$$_printf_percent$$00000003  c_w.l(_printf_f.o)
    0x080001ea   0x080001ea   0x00000004   Code   RO         4530    .ARM.Collect$$_printf_percent$$00000017  c_w.l(_printf_percent_end.o)
    0x080001ee   0x080001ee   0x00000002   Code   RO         4660    .ARM.Collect$$libinit$$00000000  c_w.l(libinit.o)
    0x080001f0   0x080001f0   0x00000000   Code   RO         4662    .ARM.Collect$$libinit$$00000002  c_w.l(libinit2.o)
    0x080001f0   0x080001f0   0x00000000   Code   RO         4664    .ARM.Collect$$libinit$$00000004  c_w.l(libinit2.o)
    0x080001f0   0x080001f0   0x00000000   Code   RO         4667    .ARM.Collect$$libinit$$0000000A  c_w.l(libinit2.o)
    0x080001f0   0x080001f0   0x00000000   Code   RO         4669    .ARM.Collect$$libinit$$0000000C  c_w.l(libinit2.o)
    0x080001f0   0x080001f0   0x00000000   Code   RO         4671    .ARM.Collect$$libinit$$0000000E  c_w.l(libinit2.o)
    0x080001f0   0x080001f0   0x00000006   Code   RO         4672    .ARM.Collect$$libinit$$0000000F  c_w.l(libinit2.o)
    0x080001f6   0x080001f6   0x00000000   Code   RO         4674    .ARM.Collect$$libinit$$00000011  c_w.l(libinit2.o)
    0x080001f6   0x080001f6   0x00000000   Code   RO         4676    .ARM.Collect$$libinit$$00000013  c_w.l(libinit2.o)
    0x080001f6   0x080001f6   0x00000000   Code   RO         4678    .ARM.Collect$$libinit$$00000015  c_w.l(libinit2.o)
    0x080001f6   0x080001f6   0x0000000a   Code   RO         4679    .ARM.Collect$$libinit$$00000016  c_w.l(libinit2.o)
    0x08000200   0x08000200   0x00000000   Code   RO         4680    .ARM.Collect$$libinit$$00000017  c_w.l(libinit2.o)
    0x08000200   0x08000200   0x00000000   Code   RO         4682    .ARM.Collect$$libinit$$00000019  c_w.l(libinit2.o)
    0x08000200   0x08000200   0x00000000   Code   RO         4684    .ARM.Collect$$libinit$$0000001B  c_w.l(libinit2.o)
    0x08000200   0x08000200   0x00000000   Code   RO         4686    .ARM.Collect$$libinit$$0000001D  c_w.l(libinit2.o)
    0x08000200   0x08000200   0x00000000   Code   RO         4688    .ARM.Collect$$libinit$$0000001F  c_w.l(libinit2.o)
    0x08000200   0x08000200   0x00000000   Code   RO         4690    .ARM.Collect$$libinit$$00000021  c_w.l(libinit2.o)
    0x08000200   0x08000200   0x00000000   Code   RO         4692    .ARM.Collect$$libinit$$00000023  c_w.l(libinit2.o)
    0x08000200   0x08000200   0x00000000   Code   RO         4694    .ARM.Collect$$libinit$$00000025  c_w.l(libinit2.o)
    0x08000200   0x08000200   0x00000000   Code   RO         4698    .ARM.Collect$$libinit$$0000002C  c_w.l(libinit2.o)
    0x08000200   0x08000200   0x00000000   Code   RO         4700    .ARM.Collect$$libinit$$0000002E  c_w.l(libinit2.o)
    0x08000200   0x08000200   0x00000000   Code   RO         4702    .ARM.Collect$$libinit$$00000030  c_w.l(libinit2.o)
    0x08000200   0x08000200   0x00000000   Code   RO         4704    .ARM.Collect$$libinit$$00000032  c_w.l(libinit2.o)
    0x08000200   0x08000200   0x00000002   Code   RO         4705    .ARM.Collect$$libinit$$00000033  c_w.l(libinit2.o)
    0x08000202   0x08000202   0x00000002   Code   RO         4739    .ARM.Collect$$libshutdown$$00000000  c_w.l(libshutdown.o)
    0x08000204   0x08000204   0x00000000   Code   RO         4750    .ARM.Collect$$libshutdown$$00000002  c_w.l(libshutdown2.o)
    0x08000204   0x08000204   0x00000000   Code   RO         4752    .ARM.Collect$$libshutdown$$00000004  c_w.l(libshutdown2.o)
    0x08000204   0x08000204   0x00000000   Code   RO         4755    .ARM.Collect$$libshutdown$$00000007  c_w.l(libshutdown2.o)
    0x08000204   0x08000204   0x00000000   Code   RO         4758    .ARM.Collect$$libshutdown$$0000000A  c_w.l(libshutdown2.o)
    0x08000204   0x08000204   0x00000000   Code   RO         4760    .ARM.Collect$$libshutdown$$0000000C  c_w.l(libshutdown2.o)
    0x08000204   0x08000204   0x00000000   Code   RO         4763    .ARM.Collect$$libshutdown$$0000000F  c_w.l(libshutdown2.o)
    0x08000204   0x08000204   0x00000002   Code   RO         4764    .ARM.Collect$$libshutdown$$00000010  c_w.l(libshutdown2.o)
    0x08000206   0x08000206   0x00000000   Code   RO         4521    .ARM.Collect$$rtentry$$00000000  c_w.l(__rtentry.o)
    0x08000206   0x08000206   0x00000000   Code   RO         4582    .ARM.Collect$$rtentry$$00000002  c_w.l(__rtentry2.o)
    0x08000206   0x08000206   0x00000006   Code   RO         4594    .ARM.Collect$$rtentry$$00000004  c_w.l(__rtentry4.o)
    0x0800020c   0x0800020c   0x00000000   Code   RO         4584    .ARM.Collect$$rtentry$$00000009  c_w.l(__rtentry2.o)
    0x0800020c   0x0800020c   0x00000004   Code   RO         4585    .ARM.Collect$$rtentry$$0000000A  c_w.l(__rtentry2.o)
    0x08000210   0x08000210   0x00000000   Code   RO         4587    .ARM.Collect$$rtentry$$0000000C  c_w.l(__rtentry2.o)
    0x08000210   0x08000210   0x00000008   Code   RO         4588    .ARM.Collect$$rtentry$$0000000D  c_w.l(__rtentry2.o)
    0x08000218   0x08000218   0x00000002   Code   RO         4708    .ARM.Collect$$rtexit$$00000000  c_w.l(rtexit.o)
    0x0800021a   0x0800021a   0x00000000   Code   RO         4717    .ARM.Collect$$rtexit$$00000002  c_w.l(rtexit2.o)
    0x0800021a   0x0800021a   0x00000004   Code   RO         4718    .ARM.Collect$$rtexit$$00000003  c_w.l(rtexit2.o)
    0x0800021e   0x0800021e   0x00000006   Code   RO         4719    .ARM.Collect$$rtexit$$00000004  c_w.l(rtexit2.o)
    0x08000224   0x08000224   0x00000040   Code   RO            4    .text               startup_stm32f103xe.o
    0x08000264   0x08000264   0x00000028   Code   RO         4393    .text               c_w.l(noretval__2sprintf.o)
    0x0800028c   0x0800028c   0x00000068   Code   RO         4395    .text               c_w.l(__printf.o)
    0x080002f4   0x080002f4   0x0000004e   Code   RO         4419    .text               c_w.l(rt_memclr_w.o)
    0x08000342   0x08000342   0x00000006   Code   RO         4421    .text               c_w.l(heapauxi.o)
    0x08000348   0x08000348   0x00000016   Code   RO         4522    .text               c_w.l(_rserrno.o)
    0x0800035e   0x0800035e   0x0000041e   Code   RO         4524    .text               c_w.l(_printf_fp_dec.o)
    0x0800077c   0x0800077c   0x00000030   Code   RO         4526    .text               c_w.l(_printf_char_common.o)
    0x080007ac   0x080007ac   0x0000000a   Code   RO         4528    .text               c_w.l(_sputc.o)
    0x080007b6   0x080007b6   0x00000002   PAD
    0x080007b8   0x080007b8   0x00000008   Code   RO         4599    .text               c_w.l(rt_locale_intlibspace.o)
    0x080007c0   0x080007c0   0x00000008   Code   RO         4604    .text               c_w.l(rt_errno_addr_intlibspace.o)
    0x080007c8   0x080007c8   0x0000008a   Code   RO         4606    .text               c_w.l(lludiv10.o)
    0x08000852   0x08000852   0x00000002   PAD
    0x08000854   0x08000854   0x00000080   Code   RO         4608    .text               c_w.l(_printf_fp_infnan.o)
    0x080008d4   0x080008d4   0x000000e4   Code   RO         4612    .text               c_w.l(bigflt0.o)
    0x080009b8   0x080009b8   0x00000008   Code   RO         4646    .text               c_w.l(libspace.o)
    0x080009c0   0x080009c0   0x0000004a   Code   RO         4649    .text               c_w.l(sys_stackheap_outer.o)
    0x08000a0a   0x08000a0a   0x00000012   Code   RO         4651    .text               c_w.l(exit.o)
    0x08000a1c   0x08000a1c   0x00000080   Code   RO         4653    .text               c_w.l(strcmpv7m.o)
    0x08000a9c   0x08000a9c   0x0000000c   Code   RO         4729    .text               c_w.l(sys_exit.o)
    0x08000aa8   0x08000aa8   0x00000002   Code   RO         4740    .text               c_w.l(use_no_semi.o)
    0x08000aaa   0x08000aaa   0x00000000   Code   RO         4742    .text               c_w.l(indicate_semi.o)
    0x08000aaa   0x08000aaa   0x0000003e   Code   RO         4615    CL$$btod_d2e        c_w.l(btod.o)
    0x08000ae8   0x08000ae8   0x00000046   Code   RO         4617    CL$$btod_d2e_denorm_low  c_w.l(btod.o)
    0x08000b2e   0x08000b2e   0x00000060   Code   RO         4616    CL$$btod_d2e_norm_op1  c_w.l(btod.o)
    0x08000b8e   0x08000b8e   0x00000338   Code   RO         4625    CL$$btod_div_common  c_w.l(btod.o)
    0x08000ec6   0x08000ec6   0x000000dc   Code   RO         4622    CL$$btod_e2e        c_w.l(btod.o)
    0x08000fa2   0x08000fa2   0x0000002a   Code   RO         4619    CL$$btod_ediv       c_w.l(btod.o)
    0x08000fcc   0x08000fcc   0x0000002a   Code   RO         4618    CL$$btod_emul       c_w.l(btod.o)
    0x08000ff6   0x08000ff6   0x00000244   Code   RO         4624    CL$$btod_mult_common  c_w.l(btod.o)
    0x0800123a   0x0800123a   0x00000004   Code   RO          603    i.BusFault_Handler  stm32f1xx_it.o
    0x0800123e   0x0800123e   0x00000002   PAD
    0x08001240   0x08001240   0x00000010   Code   RO          604    i.DMA1_Channel7_IRQHandler  stm32f1xx_it.o
    0x08001250   0x08001250   0x0000002c   Code   RO         1726    i.DMA_SetConfig     stm32f1xx_hal_dma.o
    0x0800127c   0x0800127c   0x00000002   Code   RO          605    i.DebugMon_Handler  stm32f1xx_it.o
    0x0800127e   0x0800127e   0x00000002   PAD
    0x08001280   0x08001280   0x00000058   Code   RO         4214    i.Encoder_Init      encoder.o
    0x080012d8   0x080012d8   0x00000006   Code   RO          255    i.Error_Handler     main.o
    0x080012de   0x080012de   0x00000056   Code   RO         1727    i.HAL_DMA_Abort     stm32f1xx_hal_dma.o
    0x08001334   0x08001334   0x000001a8   Code   RO         1728    i.HAL_DMA_Abort_IT  stm32f1xx_hal_dma.o
    0x080014dc   0x080014dc   0x00000398   Code   RO         1732    i.HAL_DMA_IRQHandler  stm32f1xx_hal_dma.o
    0x08001874   0x08001874   0x0000008c   Code   RO         1733    i.HAL_DMA_Init      stm32f1xx_hal_dma.o
    0x08001900   0x08001900   0x0000009c   Code   RO         1737    i.HAL_DMA_Start_IT  stm32f1xx_hal_dma.o
    0x0800199c   0x0800199c   0x00000028   Code   RO         1348    i.HAL_Delay         stm32f1xx_hal.o
    0x080019c4   0x080019c4   0x00000340   Code   RO         1663    i.HAL_GPIO_Init     stm32f1xx_hal_gpio.o
    0x08001d04   0x08001d04   0x00000014   Code   RO         1666    i.HAL_GPIO_TogglePin  stm32f1xx_hal_gpio.o
    0x08001d18   0x08001d18   0x0000000c   Code   RO         1667    i.HAL_GPIO_WritePin  stm32f1xx_hal_gpio.o
    0x08001d24   0x08001d24   0x0000000c   Code   RO         1352    i.HAL_GetTick       stm32f1xx_hal.o
    0x08001d30   0x08001d30   0x000001d0   Code   RO          875    i.HAL_I2C_Init      stm32f1xx_hal_i2c.o
    0x08001f00   0x08001f00   0x00000374   Code   RO          893    i.HAL_I2C_Mem_Read  stm32f1xx_hal_i2c.o
    0x08002274   0x08002274   0x00000164   Code   RO          896    i.HAL_I2C_Mem_Write  stm32f1xx_hal_i2c.o
    0x080023d8   0x080023d8   0x00000074   Code   RO          376    i.HAL_I2C_MspInit   i2c.o
    0x0800244c   0x0800244c   0x00000018   Code   RO         1358    i.HAL_IncTick       stm32f1xx_hal.o
    0x08002464   0x08002464   0x00000028   Code   RO         1359    i.HAL_Init          stm32f1xx_hal.o
    0x0800248c   0x0800248c   0x0000004c   Code   RO         1360    i.HAL_InitTick      stm32f1xx_hal.o
    0x080024d8   0x080024d8   0x00000054   Code   RO          697    i.HAL_MspInit       stm32f1xx_hal_msp.o
    0x0800252c   0x0800252c   0x00000020   Code   RO         1823    i.HAL_NVIC_EnableIRQ  stm32f1xx_hal_cortex.o
    0x0800254c   0x0800254c   0x0000007c   Code   RO         1829    i.HAL_NVIC_SetPriority  stm32f1xx_hal_cortex.o
    0x080025c8   0x080025c8   0x00000028   Code   RO         1830    i.HAL_NVIC_SetPriorityGrouping  stm32f1xx_hal_cortex.o
    0x080025f0   0x080025f0   0x0000018c   Code   RO         1516    i.HAL_RCC_ClockConfig  stm32f1xx_hal_rcc.o
    0x0800277c   0x0800277c   0x0000000c   Code   RO         1521    i.HAL_RCC_GetHCLKFreq  stm32f1xx_hal_rcc.o
    0x08002788   0x08002788   0x00000020   Code   RO         1523    i.HAL_RCC_GetPCLK1Freq  stm32f1xx_hal_rcc.o
    0x080027a8   0x080027a8   0x00000020   Code   RO         1524    i.HAL_RCC_GetPCLK2Freq  stm32f1xx_hal_rcc.o
    0x080027c8   0x080027c8   0x00000070   Code   RO         1525    i.HAL_RCC_GetSysClockFreq  stm32f1xx_hal_rcc.o
    0x08002838   0x08002838   0x00000464   Code   RO         1528    i.HAL_RCC_OscConfig  stm32f1xx_hal_rcc.o
    0x08002c9c   0x08002c9c   0x000000be   Code   RO         2360    i.HAL_SPI_Init      stm32f1xx_hal_spi.o
    0x08002d5a   0x08002d5a   0x00000002   PAD
    0x08002d5c   0x08002d5c   0x00000084   Code   RO          418    i.HAL_SPI_MspInit   spi.o
    0x08002de0   0x08002de0   0x00000248   Code   RO         2369    i.HAL_SPI_TransmitReceive  stm32f1xx_hal_spi.o
    0x08003028   0x08003028   0x00000034   Code   RO         1834    i.HAL_SYSTICK_Config  stm32f1xx_hal_cortex.o
    0x0800305c   0x0800305c   0x00000002   Code   RO         3388    i.HAL_TIMEx_BreakCallback  stm32f1xx_hal_tim_ex.o
    0x0800305e   0x0800305e   0x00000002   Code   RO         3389    i.HAL_TIMEx_CommutCallback  stm32f1xx_hal_tim_ex.o
    0x08003060   0x08003060   0x0000009c   Code   RO         3407    i.HAL_TIMEx_MasterConfigSynchronization  stm32f1xx_hal_tim_ex.o
    0x080030fc   0x080030fc   0x00000066   Code   RO         2673    i.HAL_TIM_Base_Init  stm32f1xx_hal_tim.o
    0x08003162   0x08003162   0x00000002   PAD
    0x08003164   0x08003164   0x00000044   Code   RO          460    i.HAL_TIM_Base_MspInit  tim.o
    0x080031a8   0x080031a8   0x00000090   Code   RO         2678    i.HAL_TIM_Base_Start_IT  stm32f1xx_hal_tim.o
    0x08003238   0x08003238   0x0000010c   Code   RO         2682    i.HAL_TIM_ConfigClockSource  stm32f1xx_hal_tim.o
    0x08003344   0x08003344   0x000000c4   Code   RO         2694    i.HAL_TIM_Encoder_Init  stm32f1xx_hal_tim.o
    0x08003408   0x08003408   0x00000168   Code   RO          462    i.HAL_TIM_Encoder_MspInit  tim.o
    0x08003570   0x08003570   0x000000fc   Code   RO         2699    i.HAL_TIM_Encoder_Start_IT  stm32f1xx_hal_tim.o
    0x0800366c   0x0800366c   0x00000002   Code   RO         2707    i.HAL_TIM_IC_CaptureCallback  stm32f1xx_hal_tim.o
    0x0800366e   0x0800366e   0x0000016c   Code   RO         2721    i.HAL_TIM_IRQHandler  stm32f1xx_hal_tim.o
    0x080037da   0x080037da   0x00000002   PAD
    0x080037dc   0x080037dc   0x000000b0   Code   RO          463    i.HAL_TIM_MspPostInit  tim.o
    0x0800388c   0x0800388c   0x00000002   Code   RO         2724    i.HAL_TIM_OC_DelayElapsedCallback  stm32f1xx_hal_tim.o
    0x0800388e   0x0800388e   0x00000104   Code   RO         2745    i.HAL_TIM_PWM_ConfigChannel  stm32f1xx_hal_tim.o
    0x08003992   0x08003992   0x00000066   Code   RO         2748    i.HAL_TIM_PWM_Init  stm32f1xx_hal_tim.o
    0x080039f8   0x080039f8   0x00000058   Code   RO          465    i.HAL_TIM_PWM_MspInit  tim.o
    0x08003a50   0x08003a50   0x00000002   Code   RO         2751    i.HAL_TIM_PWM_PulseFinishedCallback  stm32f1xx_hal_tim.o
    0x08003a52   0x08003a52   0x00000002   PAD
    0x08003a54   0x08003a54   0x000000f4   Code   RO         2753    i.HAL_TIM_PWM_Start  stm32f1xx_hal_tim.o
    0x08003b48   0x08003b48   0x000000c0   Code   RO          256    i.HAL_TIM_PeriodElapsedCallback  main.o
    0x08003c08   0x08003c08   0x00000002   Code   RO         2764    i.HAL_TIM_TriggerCallback  stm32f1xx_hal_tim.o
    0x08003c0a   0x08003c0a   0x00000002   Code   RO         3667    i.HAL_UARTEx_RxEventCallback  stm32f1xx_hal_uart.o
    0x08003c0c   0x08003c0c   0x00000002   Code   RO         3681    i.HAL_UART_ErrorCallback  stm32f1xx_hal_uart.o
    0x08003c0e   0x08003c0e   0x00000002   PAD
    0x08003c10   0x08003c10   0x000002e4   Code   RO         3684    i.HAL_UART_IRQHandler  stm32f1xx_hal_uart.o
    0x08003ef4   0x08003ef4   0x00000076   Code   RO         3685    i.HAL_UART_Init     stm32f1xx_hal_uart.o
    0x08003f6a   0x08003f6a   0x00000002   PAD
    0x08003f6c   0x08003f6c   0x000000d0   Code   RO          562    i.HAL_UART_MspInit  usart.o
    0x0800403c   0x0800403c   0x00000002   Code   RO         3691    i.HAL_UART_RxCpltCallback  stm32f1xx_hal_uart.o
    0x0800403e   0x0800403e   0x00000002   PAD
    0x08004040   0x08004040   0x0000008c   Code   RO         3694    i.HAL_UART_Transmit_DMA  stm32f1xx_hal_uart.o
    0x080040cc   0x080040cc   0x00000002   Code   RO         3696    i.HAL_UART_TxCpltCallback  stm32f1xx_hal_uart.o
    0x080040ce   0x080040ce   0x00000002   Code   RO         3697    i.HAL_UART_TxHalfCpltCallback  stm32f1xx_hal_uart.o
    0x080040d0   0x080040d0   0x00000004   Code   RO          606    i.HardFault_Handler  stm32f1xx_it.o
    0x080040d4   0x080040d4   0x0000003e   Code   RO          919    i.I2C_IsAcknowledgeFailed  stm32f1xx_hal_i2c.o
    0x08004112   0x08004112   0x00000002   PAD
    0x08004114   0x08004114   0x00000160   Code   RO          930    i.I2C_RequestMemoryRead  stm32f1xx_hal_i2c.o
    0x08004274   0x08004274   0x000000e0   Code   RO          931    i.I2C_RequestMemoryWrite  stm32f1xx_hal_i2c.o
    0x08004354   0x08004354   0x00000066   Code   RO          939    i.I2C_WaitOnBTFFlagUntilTimeout  stm32f1xx_hal_i2c.o
    0x080043ba   0x080043ba   0x000000be   Code   RO          940    i.I2C_WaitOnFlagUntilTimeout  stm32f1xx_hal_i2c.o
    0x08004478   0x08004478   0x000000fa   Code   RO          941    i.I2C_WaitOnMasterAddressFlagUntilTimeout  stm32f1xx_hal_i2c.o
    0x08004572   0x08004572   0x0000008a   Code   RO          942    i.I2C_WaitOnRXNEFlagUntilTimeout  stm32f1xx_hal_i2c.o
    0x080045fc   0x080045fc   0x00000066   Code   RO          945    i.I2C_WaitOnTXEFlagUntilTimeout  stm32f1xx_hal_i2c.o
    0x08004662   0x08004662   0x00000002   PAD
    0x08004664   0x08004664   0x00000014   Code   RO         4029    i.LED_ON            led.o
    0x08004678   0x08004678   0x00000010   Code   RO         4030    i.LED_TogglePin     led.o
    0x08004688   0x08004688   0x00000024   Code   RO         4064    i.MOTOR_Init        motor.o
    0x080046ac   0x080046ac   0x00000018   Code   RO         4118    i.MPU6500_DATA_INIT  mpu9250.o
    0x080046c4   0x080046c4   0x00000314   Code   RO           13    i.MPU6500_READ      mpu6500sport.o
    0x080049d8   0x080049d8   0x00000034   Code   RO          351    i.MX_DMA_Init       dma.o
    0x08004a0c   0x08004a0c   0x00000100   Code   RO          327    i.MX_GPIO_Init      gpio.o
    0x08004b0c   0x08004b0c   0x0000003c   Code   RO          377    i.MX_I2C1_Init      i2c.o
    0x08004b48   0x08004b48   0x00000044   Code   RO          419    i.MX_SPI1_Init      spi.o
    0x08004b8c   0x08004b8c   0x00000070   Code   RO          466    i.MX_TIM1_Init      tim.o
    0x08004bfc   0x08004bfc   0x00000078   Code   RO          467    i.MX_TIM2_Init      tim.o
    0x08004c74   0x08004c74   0x0000008c   Code   RO          468    i.MX_TIM3_Init      tim.o
    0x08004d00   0x08004d00   0x0000007c   Code   RO          469    i.MX_TIM4_Init      tim.o
    0x08004d7c   0x08004d7c   0x0000007c   Code   RO          470    i.MX_TIM5_Init      tim.o
    0x08004df8   0x08004df8   0x0000007c   Code   RO          471    i.MX_TIM8_Init      tim.o
    0x08004e74   0x08004e74   0x00000038   Code   RO          563    i.MX_USART2_UART_Init  usart.o
    0x08004eac   0x08004eac   0x00000004   Code   RO          607    i.MemManage_Handler  stm32f1xx_it.o
    0x08004eb0   0x08004eb0   0x00000060   Code   RO         4065    i.Motor_370_F       motor.o
    0x08004f10   0x08004f10   0x00000060   Code   RO         4066    i.Motor_370_L       motor.o
    0x08004f70   0x08004f70   0x00000060   Code   RO         4067    i.Motor_370_R       motor.o
    0x08004fd0   0x08004fd0   0x00000058   Code   RO         4068    i.Motor_370_respectively  motor.o
    0x08005028   0x08005028   0x0000001c   Code   RO         4069    i.Motor_370_respectively_turn  motor.o
    0x08005044   0x08005044   0x000001cc   Code   RO         4119    i.Mpu6050_get_data  mpu9250.o
    0x08005210   0x08005210   0x000000e4   Code   RO         4120    i.Mpu6050_init      mpu9250.o
    0x080052f4   0x080052f4   0x00000004   Code   RO          608    i.NMI_Handler       stm32f1xx_it.o
    0x080052f8   0x080052f8   0x0000004c   Code   RO         4257    i.NRF24L01_Check    nrf.o
    0x08005344   0x08005344   0x00000060   Code   RO         4258    i.NRF24L01_RX_Mode  nrf.o
    0x080053a4   0x080053a4   0x0000004c   Code   RO         4259    i.NRF24L01_Read_Buf  nrf.o
    0x080053f0   0x080053f0   0x00000038   Code   RO         4260    i.NRF24L01_Read_Reg  nrf.o
    0x08005428   0x08005428   0x00000034   Code   RO         4261    i.NRF24L01_RxPacket  nrf.o
    0x0800545c   0x0800545c   0x0000004c   Code   RO         4264    i.NRF24L01_Write_Buf  nrf.o
    0x080054a8   0x080054a8   0x00000038   Code   RO         4265    i.NRF24L01_Write_Reg  nrf.o
    0x080054e0   0x080054e0   0x00000034   Code   RO          760    i.NRF_BUFFER_Init   nrf_counter.o
    0x08005514   0x08005514   0x00000254   Code   RO          761    i.NRF_Location_spin  nrf_counter.o
    0x08005768   0x08005768   0x000000d4   Code   RO         4267    i.NRF_dispose       nrf.o
    0x0800583c   0x0800583c   0x00000002   Code   RO          609    i.PendSV_Handler    stm32f1xx_it.o
    0x0800583e   0x0800583e   0x00000002   PAD
    0x08005840   0x08005840   0x00000084   Code   RO         4178    i.PositionPID       pid.o
    0x080058c4   0x080058c4   0x00000028   Code   RO         1529    i.RCC_Delay         stm32f1xx_hal_rcc.o
    0x080058ec   0x080058ec   0x00000054   Code   RO         4215    i.READ_SPEED        encoder.o
    0x08005940   0x08005940   0x00000010   Code   RO         4216    i.Read_Speed        encoder.o
    0x08005950   0x08005950   0x00000044   Code   RO         2398    i.SPI_EndRxTxTransaction  stm32f1xx_hal_spi.o
    0x08005994   0x08005994   0x000000d8   Code   RO         2403    i.SPI_WaitFlagStateUntilTimeout  stm32f1xx_hal_spi.o
    0x08005a6c   0x08005a6c   0x00000024   Code   RO         4268    i.SPIx_ReadWriteByte  nrf.o
    0x08005a90   0x08005a90   0x00000030   Code   RO          221    i.SPORT             sport.o
    0x08005ac0   0x08005ac0   0x00000002   Code   RO          610    i.SVC_Handler       stm32f1xx_it.o
    0x08005ac2   0x08005ac2   0x00000008   Code   RO          611    i.SysTick_Handler   stm32f1xx_it.o
    0x08005aca   0x08005aca   0x00000062   Code   RO          257    i.SystemClock_Config  main.o
    0x08005b2c   0x08005b2c   0x00000002   Code   RO         4354    i.SystemInit        system_stm32f1xx.o
    0x08005b2e   0x08005b2e   0x00000002   PAD
    0x08005b30   0x08005b30   0x00000010   Code   RO          612    i.TIM1_UP_IRQHandler  stm32f1xx_it.o
    0x08005b40   0x08005b40   0x000000ac   Code   RO         2766    i.TIM_Base_SetConfig  stm32f1xx_hal_tim.o
    0x08005bec   0x08005bec   0x00000022   Code   RO         2767    i.TIM_CCxChannelCmd  stm32f1xx_hal_tim.o
    0x08005c0e   0x08005c0e   0x00000016   Code   RO         2777    i.TIM_ETR_SetConfig  stm32f1xx_hal_tim.o
    0x08005c24   0x08005c24   0x00000012   Code   RO         2778    i.TIM_ITRx_SetConfig  stm32f1xx_hal_tim.o
    0x08005c36   0x08005c36   0x00000002   PAD
    0x08005c38   0x08005c38   0x00000070   Code   RO         2779    i.TIM_OC1_SetConfig  stm32f1xx_hal_tim.o
    0x08005ca8   0x08005ca8   0x0000007c   Code   RO         2780    i.TIM_OC2_SetConfig  stm32f1xx_hal_tim.o
    0x08005d24   0x08005d24   0x00000078   Code   RO         2781    i.TIM_OC3_SetConfig  stm32f1xx_hal_tim.o
    0x08005d9c   0x08005d9c   0x00000054   Code   RO         2782    i.TIM_OC4_SetConfig  stm32f1xx_hal_tim.o
    0x08005df0   0x08005df0   0x00000026   Code   RO         2784    i.TIM_TI1_ConfigInputStage  stm32f1xx_hal_tim.o
    0x08005e16   0x08005e16   0x00000028   Code   RO         2786    i.TIM_TI2_ConfigInputStage  stm32f1xx_hal_tim.o
    0x08005e3e   0x08005e3e   0x00000002   PAD
    0x08005e40   0x08005e40   0x00000208   Code   RO          181    i.TURN_PID          pid_counter.o
    0x08006048   0x08006048   0x00000014   Code   RO         3698    i.UART_DMAAbortOnError  stm32f1xx_hal_uart.o
    0x0800605c   0x0800605c   0x00000050   Code   RO         3699    i.UART_DMAError     stm32f1xx_hal_uart.o
    0x080060ac   0x080060ac   0x00000058   Code   RO         3704    i.UART_DMATransmitCplt  stm32f1xx_hal_uart.o
    0x08006104   0x08006104   0x0000000e   Code   RO         3706    i.UART_DMATxHalfCplt  stm32f1xx_hal_uart.o
    0x08006112   0x08006112   0x0000006c   Code   RO         3708    i.UART_EndRxTransfer  stm32f1xx_hal_uart.o
    0x0800617e   0x0800617e   0x00000020   Code   RO         3709    i.UART_EndTransmit_IT  stm32f1xx_hal_uart.o
    0x0800619e   0x0800619e   0x00000026   Code   RO         3710    i.UART_EndTxTransfer  stm32f1xx_hal_uart.o
    0x080061c4   0x080061c4   0x000000fc   Code   RO         3711    i.UART_Receive_IT   stm32f1xx_hal_uart.o
    0x080062c0   0x080062c0   0x000000fc   Code   RO         3712    i.UART_SetConfig    stm32f1xx_hal_uart.o
    0x080063bc   0x080063bc   0x00000060   Code   RO         3715    i.UART_Transmit_IT  stm32f1xx_hal_uart.o
    0x0800641c   0x0800641c   0x00000010   Code   RO          613    i.USART2_IRQHandler  stm32f1xx_it.o
    0x0800642c   0x0800642c   0x00000004   Code   RO          614    i.UsageFault_Handler  stm32f1xx_it.o
    0x08006430   0x08006430   0x00000230   Code   RO          800    i.X_Y_count         location.o
    0x08006660   0x08006660   0x00000214   Code   RO          182    i.YAW_PID           pid_counter.o
    0x08006874   0x08006874   0x00000028   Code   RO         4565    i.__ARM_fpclassify  m_ws.l(fpclassify.o)
    0x0800689c   0x0800689c   0x00000010   Code   RO         1836    i.__NVIC_GetPriorityGrouping  stm32f1xx_hal_cortex.o
    0x080068ac   0x080068ac   0x00000028   Code   RO         1837    i.__NVIC_SetPriority  stm32f1xx_hal_cortex.o
    0x080068d4   0x080068d4   0x00000388   Code   RO         4570    i.__ieee754_rem_pio2  m_ws.l(rred.o)
    0x08006c5c   0x08006c5c   0x000000fc   Code   RO         4548    i.__kernel_cos      m_ws.l(cos_i.o)
    0x08006d58   0x08006d58   0x000000aa   Code   RO         4567    i.__kernel_poly     m_ws.l(poly.o)
    0x08006e02   0x08006e02   0x00000002   PAD
    0x08006e04   0x08006e04   0x000000ec   Code   RO         4575    i.__kernel_sin      m_ws.l(sin_i.o)
    0x08006ef0   0x08006ef0   0x00000006   Code   RO         4552    i.__mathlib_dbl_infnan  m_ws.l(dunder.o)
    0x08006ef6   0x08006ef6   0x00000004   Code   RO         4553    i.__mathlib_dbl_infnan2  m_ws.l(dunder.o)
    0x08006efa   0x08006efa   0x0000000c   Code   RO         4554    i.__mathlib_dbl_invalid  m_ws.l(dunder.o)
    0x08006f06   0x08006f06   0x00000002   PAD
    0x08006f08   0x08006f08   0x00000010   Code   RO         4557    i.__mathlib_dbl_underflow  m_ws.l(dunder.o)
    0x08006f18   0x08006f18   0x000000cc   Code   RO         4154    i.acc_filter        filter.o
    0x08006fe4   0x08006fe4   0x00000220   Code   RO         4480    i.atan              m_ws.l(atan.o)
    0x08007204   0x08007204   0x00000180   Code   RO         4490    i.atan2             m_ws.l(atan2.o)
    0x08007384   0x08007384   0x0000009c   Code   RO         4498    i.cos               m_ws.l(cos.o)
    0x08007420   0x08007420   0x00000248   Code   RO         4155    i.kalman_filter     filter.o
    0x08007668   0x08007668   0x00000090   Code   RO          258    i.main              main.o
    0x080076f8   0x080076f8   0x00000014   Code   RO         4180    i.position_pid_for_turn  pid.o
    0x0800770c   0x0800770c   0x000000a0   Code   RO         4506    i.sin               m_ws.l(sin.o)
    0x080077ac   0x080077ac   0x0000004c   Code   RO         4514    i.sqrt              m_ws.l(sqrt.o)
    0x080077f8   0x080077f8   0x00000164   Code   RO          183    i.turn_sport_pid    pid_counter.o
    0x0800795c   0x0800795c   0x0000002c   Code   RO         4638    locale$$code        c_w.l(lc_numeric_c.o)
    0x08007988   0x08007988   0x00000062   Code   RO         4425    x$fpl$d2f           fz_ws.l(d2f.o)
    0x080079ea   0x080079ea   0x00000002   PAD
    0x080079ec   0x080079ec   0x00000150   Code   RO         4427    x$fpl$dadd          fz_ws.l(daddsub_clz.o)
    0x08007b3c   0x08007b3c   0x00000010   Code   RO         4640    x$fpl$dcheck1       fz_ws.l(dcheck1.o)
    0x08007b4c   0x08007b4c   0x000002b0   Code   RO         4434    x$fpl$ddiv          fz_ws.l(ddiv.o)
    0x08007dfc   0x08007dfc   0x0000005e   Code   RO         4437    x$fpl$dfix          fz_ws.l(dfix.o)
    0x08007e5a   0x08007e5a   0x0000002e   Code   RO         4442    x$fpl$dflt          fz_ws.l(dflt_clz.o)
    0x08007e88   0x08007e88   0x00000026   Code   RO         4441    x$fpl$dfltu         fz_ws.l(dflt_clz.o)
    0x08007eae   0x08007eae   0x00000002   PAD
    0x08007eb0   0x08007eb0   0x00000154   Code   RO         4447    x$fpl$dmul          fz_ws.l(dmul.o)
    0x08008004   0x08008004   0x0000009c   Code   RO         4533    x$fpl$dnaninf       fz_ws.l(dnaninf.o)
    0x080080a0   0x080080a0   0x0000000c   Code   RO         4535    x$fpl$dretinf       fz_ws.l(dretinf.o)
    0x080080ac   0x080080ac   0x00000016   Code   RO         4428    x$fpl$drsb          fz_ws.l(daddsub_clz.o)
    0x080080c2   0x080080c2   0x00000002   PAD
    0x080080c4   0x080080c4   0x000001cc   Code   RO         4537    x$fpl$dsqrt         fz_ws.l(dsqrt_noumaal.o)
    0x08008290   0x08008290   0x000001d4   Code   RO         4429    x$fpl$dsub          fz_ws.l(daddsub_clz.o)
    0x08008464   0x08008464   0x00000056   Code   RO         4449    x$fpl$f2d           fz_ws.l(f2d.o)
    0x080084ba   0x080084ba   0x00000002   PAD
    0x080084bc   0x080084bc   0x000000c4   Code   RO         4451    x$fpl$fadd          fz_ws.l(faddsub_clz.o)
    0x08008580   0x08008580   0x00000018   Code   RO         4539    x$fpl$fcmpinf       fz_ws.l(fcmpi.o)
    0x08008598   0x08008598   0x00000184   Code   RO         4458    x$fpl$fdiv          fz_ws.l(fdiv.o)
    0x0800871c   0x0800871c   0x00000036   Code   RO         4461    x$fpl$ffix          fz_ws.l(ffix.o)
    0x08008752   0x08008752   0x00000002   PAD
    0x08008754   0x08008754   0x00000030   Code   RO         4466    x$fpl$fflt          fz_ws.l(fflt_clz.o)
    0x08008784   0x08008784   0x00000068   Code   RO         4471    x$fpl$fleqf         fz_ws.l(fleqf.o)
    0x080087ec   0x080087ec   0x00000102   Code   RO         4473    x$fpl$fmul          fz_ws.l(fmul.o)
    0x080088ee   0x080088ee   0x0000008c   Code   RO         4541    x$fpl$fnaninf       fz_ws.l(fnaninf.o)
    0x0800897a   0x0800897a   0x0000000a   Code   RO         4543    x$fpl$fretinf       fz_ws.l(fretinf.o)
    0x08008984   0x08008984   0x00000062   Code   RO         4475    x$fpl$frleqf        fz_ws.l(frleqf.o)
    0x080089e6   0x080089e6   0x00000014   Code   RO         4452    x$fpl$frsb          fz_ws.l(faddsub_clz.o)
    0x080089fa   0x080089fa   0x00000002   PAD
    0x080089fc   0x080089fc   0x000000ea   Code   RO         4453    x$fpl$fsub          fz_ws.l(faddsub_clz.o)
    0x08008ae6   0x08008ae6   0x00000004   Code   RO         4477    x$fpl$printf1       fz_ws.l(printf1.o)
    0x08008aea   0x08008aea   0x00000064   Code   RO         4706    x$fpl$retnan        fz_ws.l(retnan.o)
    0x08008b4e   0x08008b4e   0x0000005c   Code   RO         4545    x$fpl$scalbn        fz_ws.l(scalbn.o)
    0x08008baa   0x08008baa   0x00000030   Code   RO         4714    x$fpl$trapveneer    fz_ws.l(trapv.o)
    0x08008bda   0x08008bda   0x00000000   Code   RO         4547    x$fpl$usenofp       fz_ws.l(usenofp.o)
    0x08008bda   0x08008bda   0x00000012   Data   RO         1530    .constdata          stm32f1xx_hal_rcc.o
    0x08008bec   0x08008bec   0x0000000a   Data   RO         4270    .constdata          nrf.o
    0x08008bf6   0x08008bf6   0x00000018   Data   RO         4355    .constdata          system_stm32f1xx.o
    0x08008c0e   0x08008c0e   0x00000002   PAD
    0x08008c10   0x08008c10   0x00000098   Data   RO         4481    .constdata          m_ws.l(atan.o)
    0x08008ca8   0x08008ca8   0x00000030   Data   RO         4549    .constdata          m_ws.l(cos_i.o)
    0x08008cd8   0x08008cd8   0x00000008   Data   RO         4569    .constdata          m_ws.l(qnan.o)
    0x08008ce0   0x08008ce0   0x000000c8   Data   RO         4572    .constdata          m_ws.l(rred.o)
    0x08008da8   0x08008da8   0x00000028   Data   RO         4576    .constdata          m_ws.l(sin_i.o)
    0x08008dd0   0x08008dd0   0x00000094   Data   RO         4613    .constdata          c_w.l(bigflt0.o)
    0x08008e64   0x08008e64   0x00000020   Data   RO         4789    Region$$Table       anon$$obj.o
    0x08008e84   0x08008e84   0x0000001c   Data   RO         4637    locale$$data        c_w.l(lc_numeric_c.o)


    Execution Region RW_IRAM1 (Exec base: 0x20000000, Load base: 0x08008ea0, Size: 0x000065b8, Max: 0x0000c000, ABSOLUTE, COMPRESSED[0x00000018])

    Exec Addr    Load Addr    Size         Type   Attr      Idx    E Section Name        Object

    0x20000000   COMPRESSED   0x00000040   Data   RW           14    .data               mpu6500sport.o
    0x20000040   COMPRESSED   0x00000044   Data   RW          184    .data               pid_counter.o
    0x20000084   COMPRESSED   0x00000024   Data   RW          260    .data               main.o
    0x200000a8   COMPRESSED   0x00000020   Data   RW          763    .data               nrf_counter.o
    0x200000c8   COMPRESSED   0x00000034   Data   RW          801    .data               location.o
    0x200000fc   COMPRESSED   0x00000009   Data   RW         1366    .data               stm32f1xx_hal.o
    0x20000105   COMPRESSED   0x00000003   PAD
    0x20000108   COMPRESSED   0x0000003c   Data   RW         4158    .data               filter.o
    0x20000144   COMPRESSED   0x00000028   Data   RW         4182    .data               pid.o
    0x2000016c   COMPRESSED   0x00000018   Data   RW         4271    .data               nrf.o
    0x20000184   COMPRESSED   0x00000004   Data   RW         4356    .data               system_stm32f1xx.o
    0x20000188        -       0x0000000a   Zero   RW          259    .bss                main.o
    0x20000192   COMPRESSED   0x00000002   PAD
    0x20000194        -       0x00000054   Zero   RW          378    .bss                i2c.o
    0x200001e8        -       0x00000058   Zero   RW          420    .bss                spi.o
    0x20000240        -       0x000001b0   Zero   RW          472    .bss                tim.o
    0x200003f0        -       0x0000008c   Zero   RW          564    .bss                usart.o
    0x2000047c        -       0x0000001c   Zero   RW         4121    .bss                mpu9250.o
    0x20000498        -       0x00000090   Zero   RW         4156    .bss                filter.o
    0x20000528        -       0x0000002e   Zero   RW         4269    .bss                nrf.o
    0x20000556   COMPRESSED   0x00000002   PAD
    0x20000558        -       0x00000060   Zero   RW         4647    .bss                c_w.l(libspace.o)
    0x200005b8        -       0x00002000   Zero   RW            2    HEAP                startup_stm32f103xe.o
    0x200025b8        -       0x00004000   Zero   RW            1    STACK               startup_stm32f103xe.o


==============================================================================

Image component sizes


      Code (inc. data)   RO Data    RW Data    ZI Data      Debug   Object Name

        52          4          0          0          0        682   dma.o
       188         26          0          0          0       1793   encoder.o
       788         86          0         60        144       2558   filter.o
       256         16          0          0          0        931   gpio.o
       176         24          0          0         84       1489   i2c.o
        36         10          0          0          0        797   led.o
       560         72          0         52          0       1153   location.o
       440         46          0         36         10       3163   main.o
       440         50          0          0          0       3170   motor.o
       788        114          0         64          0     502245   mpu6500sport.o
       712         36          0          0         28       2429   mpu9250.o
       736         68         10         24         46       6151   nrf.o
       648         60          0         32          0       1606   nrf_counter.o
       152         20          0         40          0       1421   pid.o
      1408        142          0         68          0       2616   pid_counter.o
       200         20          0          0         88       1517   spi.o
        48          4          0          0          0       1856   sport.o
        64         26        304          0      24576        780   startup_stm32f103xe.o
       192         36          0          9          0       6257   stm32f1xx_hal.o
       304         22          0          0          0      29207   stm32f1xx_hal_cortex.o
      1770         28          0          0          0       5074   stm32f1xx_hal_dma.o
       864         40          0          0          0       3185   stm32f1xx_hal_gpio.o
      3124         50          0          0          0      11238   stm32f1xx_hal_i2c.o
        84          8          0          0          0        834   stm32f1xx_hal_msp.o
      1748         98         18          0          0       5728   stm32f1xx_hal_rcc.o
      1058          6          0          0          0       4289   stm32f1xx_hal_spi.o
      2704        102          0          0          0      16588   stm32f1xx_hal_tim.o
       160         22          0          0          0       2317   stm32f1xx_hal_tim_ex.o
      1988         20          0          0          0      12406   stm32f1xx_hal_uart.o
        82         18          0          0          0       4978   stm32f1xx_it.o
         2          0         24          4          0       1031   system_stm32f1xx.o
      1436        122          0          0        432       6745   tim.o
       264         32          0          0        140       1633   usart.o

    ----------------------------------------------------------------------
     23502       1428        390        392      25552     647867   Object Totals
         0          0         32          0          0          0   (incl. Generated)
        30          0          2          3          4          0   (incl. Padding)

    ----------------------------------------------------------------------

      Code (inc. data)   RO Data    RW Data    ZI Data      Debug   Library Member Name

        90          0          0          0          0          0   __dczerorl2.o
         8          0          0          0          0         68   __main.o
       104          0          0          0          0         84   __printf.o
         0          0          0          0          0          0   __rtentry.o
        12          0          0          0          0          0   __rtentry2.o
         6          0          0          0          0          0   __rtentry4.o
        52          8          0          0          0          0   __scatter.o
        28          0          0          0          0          0   __scatter_zi.o
        48          6          0          0          0         96   _printf_char_common.o
         6          0          0          0          0          0   _printf_f.o
      1054          0          0          0          0        216   _printf_fp_dec.o
       128         16          0          0          0         84   _printf_fp_infnan.o
         0          0          0          0          0          0   _printf_percent.o
         4          0          0          0          0          0   _printf_percent_end.o
        22          0          0          0          0        100   _rserrno.o
        10          0          0          0          0         68   _sputc.o
       228          4        148          0          0         96   bigflt0.o
      1936        128          0          0          0        672   btod.o
        18          0          0          0          0         80   exit.o
         6          0          0          0          0        152   heapauxi.o
         0          0          0          0          0          0   indicate_semi.o
        44         10         28          0          0         76   lc_numeric_c.o
         2          0          0          0          0          0   libinit.o
        18          0          0          0          0          0   libinit2.o
         2          0          0          0          0          0   libshutdown.o
         2          0          0          0          0          0   libshutdown2.o
         8          4          0          0         96         68   libspace.o
       138          0          0          0          0         80   lludiv10.o
        40          6          0          0          0         84   noretval__2sprintf.o
         8          4          0          0          0         68   rt_errno_addr_intlibspace.o
         8          4          0          0          0         68   rt_locale_intlibspace.o
        78          0          0          0          0         80   rt_memclr_w.o
         2          0          0          0          0          0   rtexit.o
        10          0          0          0          0          0   rtexit2.o
       128          0          0          0          0         68   strcmpv7m.o
        12          4          0          0          0         68   sys_exit.o
        74          0          0          0          0         80   sys_stackheap_outer.o
         2          0          0          0          0         68   use_no_semi.o
        98          4          0          0          0         92   d2f.o
       826         16          0          0          0        348   daddsub_clz.o
        16          4          0          0          0         68   dcheck1.o
       688        140          0          0          0        208   ddiv.o
        94          4          0          0          0         92   dfix.o
        84          0          0          0          0        136   dflt_clz.o
       340         12          0          0          0        104   dmul.o
       156          4          0          0          0         92   dnaninf.o
        12          0          0          0          0         68   dretinf.o
       460         56          0          0          0        120   dsqrt_noumaal.o
        86          4          0          0          0         84   f2d.o
       450          8          0          0          0        236   faddsub_clz.o
        24          0          0          0          0         68   fcmpi.o
       388         76          0          0          0         96   fdiv.o
        54          4          0          0          0         84   ffix.o
        48          0          0          0          0         68   fflt_clz.o
       104          4          0          0          0         84   fleqf.o
       258          4          0          0          0         84   fmul.o
       140          4          0          0          0         84   fnaninf.o
        10          0          0          0          0         68   fretinf.o
        98          0          0          0          0         68   frleqf.o
         4          0          0          0          0         68   printf1.o
       100          0          0          0          0         68   retnan.o
        92          0          0          0          0         68   scalbn.o
        48          0          0          0          0         68   trapv.o
         0          0          0          0          0          0   usenofp.o
       544         70        152          0          0        124   atan.o
       384         38          0          0          0        144   atan2.o
       156          8          0          0          0        104   cos.o
       252         22         48          0          0        124   cos_i.o
        38          6          0          0          0        272   dunder.o
        40          0          0          0          0         68   fpclassify.o
       170          0          0          0          0         96   poly.o
         0          0          8          0          0          0   qnan.o
       904         76        200          0          0        140   rred.o
       160         10          0          0          0        108   sin.o
       236         12         40          0          0        128   sin_i.o
        76          0          0          0          0         84   sqrt.o

    ----------------------------------------------------------------------
     11996        780        624          0         96       6540   Library Totals
        22          0          0          0          0          0   (incl. Padding)

    ----------------------------------------------------------------------

      Code (inc. data)   RO Data    RW Data    ZI Data      Debug   Library Name

      4336        194        176          0         96       2524   c_w.l
      4678        344          0          0          0       2624   fz_ws.l
      2960        242        448          0          0       1392   m_ws.l

    ----------------------------------------------------------------------
     11996        780        624          0         96       6540   Library Totals

    ----------------------------------------------------------------------

==============================================================================


      Code (inc. data)   RO Data    RW Data    ZI Data      Debug   

     35498       2208       1014        392      25648     642911   Grand Totals
     35498       2208       1014         24      25648     642911   ELF Image Totals (compressed)
     35498       2208       1014         24          0          0   ROM Totals

==============================================================================

    Total RO  Size (Code + RO Data)                36512 (  35.66kB)
    Total RW  Size (RW Data + ZI Data)             26040 (  25.43kB)
    Total ROM Size (Code + RO Data + RW Data)      36536 (  35.68kB)

==============================================================================

